Archive member included because of file (symbol)

c:\Users\randy\AppData\Roaming\Code\User\globalStorage\vexrobotics.vexcode\sdk\cpp\V5\V5_20240802_15_00_00/vexv5\libv5rt.a(v5_startup.c.obj)
                              (vexStartup)
c:\Users\randy\AppData\Roaming\Code\User\globalStorage\vexrobotics.vexcode\sdk\cpp\V5\V5_20240802_15_00_00/vexv5\libv5rt.a(v5_util.c.obj)
                              c:\Users\randy\AppData\Roaming\Code\User\globalStorage\vexrobotics.vexcode\sdk\cpp\V5\V5_20240802_15_00_00/vexv5\libv5rt.a(v5_startup.c.obj) (vexStdlibVersionLinked)
c:\Users\randy\AppData\Roaming\Code\User\globalStorage\vexrobotics.vexcode\sdk\cpp\V5\V5_20240802_15_00_00/vexv5\libv5rt.a(v5_apijump.c.obj)
                              c:\Users\randy\AppData\Roaming\Code\User\globalStorage\vexrobotics.vexcode\sdk\cpp\V5\V5_20240802_15_00_00/vexv5\libv5rt.a(v5_startup.c.obj) (vexPrivateApiEnable)
c:\Users\randy\AppData\Roaming\Code\User\globalStorage\vexrobotics.vexcode\sdk\cpp\V5\V5_20240802_15_00_00/vexv5\libv5rt.a(v5_apiversions.c.obj)
                              c:\Users\randy\AppData\Roaming\Code\User\globalStorage\vexrobotics.vexcode\sdk\cpp\V5\V5_20240802_15_00_00/vexv5\libv5rt.a(v5_apijump.c.obj) (vexSystemVersion)
c:\Users\randy\AppData\Roaming\Code\User\globalStorage\vexrobotics.vexcode\sdk\cpp\V5\V5_20240802_15_00_00/vexv5\libv5rt.a(vex_global.cpp.obj)
                              build/src/main.o (vex::wait(double, vex::timeUnits))
c:\Users\randy\AppData\Roaming\Code\User\globalStorage\vexrobotics.vexcode\sdk\cpp\V5\V5_20240802_15_00_00/vexv5\libv5rt.a(vex_device.cpp.obj)
                              build/src/RobotLink.o (vex::device::value())
c:\Users\randy\AppData\Roaming\Code\User\globalStorage\vexrobotics.vexcode\sdk\cpp\V5\V5_20240802_15_00_00/vexv5\libv5rt.a(vex_motor.cpp.obj)
                              build/src/robot-config.o (vex::motor::~motor())
c:\Users\randy\AppData\Roaming\Code\User\globalStorage\vexrobotics.vexcode\sdk\cpp\V5\V5_20240802_15_00_00/vexv5\libv5rt.a(vex_imu.cpp.obj)
                              build/src/robot-config.o (vex::inertial::~inertial())
c:\Users\randy\AppData\Roaming\Code\User\globalStorage\vexrobotics.vexcode\sdk\cpp\V5\V5_20240802_15_00_00/vexv5\libv5rt.a(vex_gps.cpp.obj)
                              build/src/robot-config.o (vex::gps::~gps())
c:\Users\randy\AppData\Roaming\Code\User\globalStorage\vexrobotics.vexcode\sdk\cpp\V5\V5_20240802_15_00_00/vexv5\libv5rt.a(vex_controller.cpp.obj)
                              build/src/robot-config.o (vex::controller::~controller())
c:\Users\randy\AppData\Roaming\Code\User\globalStorage\vexrobotics.vexcode\sdk\cpp\V5\V5_20240802_15_00_00/vexv5\libv5rt.a(vex_task.cpp.obj)
                              build/src/robot-config.o (vex::task::task(int (*)()))
c:\Users\randy\AppData\Roaming\Code\User\globalStorage\vexrobotics.vexcode\sdk\cpp\V5\V5_20240802_15_00_00/vexv5\libv5rt.a(vex_thread.cpp.obj)
                              build/src/main.o (vex::thread::thread(int (*)()))
c:\Users\randy\AppData\Roaming\Code\User\globalStorage\vexrobotics.vexcode\sdk\cpp\V5\V5_20240802_15_00_00/vexv5\libv5rt.a(vex_event.cpp.obj)
                              c:\Users\randy\AppData\Roaming\Code\User\globalStorage\vexrobotics.vexcode\sdk\cpp\V5\V5_20240802_15_00_00/vexv5\libv5rt.a(vex_imu.cpp.obj) (vex::event::init(unsigned long, unsigned long, void (*)()))
c:\Users\randy\AppData\Roaming\Code\User\globalStorage\vexrobotics.vexcode\sdk\cpp\V5\V5_20240802_15_00_00/vexv5\libv5rt.a(vex_mevent.cpp.obj)
                              c:\Users\randy\AppData\Roaming\Code\User\globalStorage\vexrobotics.vexcode\sdk\cpp\V5\V5_20240802_15_00_00/vexv5\libv5rt.a(vex_controller.cpp.obj) (vex::mevent::mevent(unsigned long, unsigned long))
c:\Users\randy\AppData\Roaming\Code\User\globalStorage\vexrobotics.vexcode\sdk\cpp\V5\V5_20240802_15_00_00/vexv5\libv5rt.a(vex_brain.cpp.obj)
                              build/src/robot-config.o (vex::brain::lcd::setCursor(long, long))
c:\Users\randy\AppData\Roaming\Code\User\globalStorage\vexrobotics.vexcode\sdk\cpp\V5\V5_20240802_15_00_00/vexv5\libv5rt.a(vex_competition.cpp.obj)
                              build/src/main.o (vex::competition::competition())
c:\Users\randy\AppData\Roaming\Code\User\globalStorage\vexrobotics.vexcode\sdk\cpp\V5\V5_20240802_15_00_00/vexv5\libv5rt.a(vex_triport.cpp.obj)
                              c:\Users\randy\AppData\Roaming\Code\User\globalStorage\vexrobotics.vexcode\sdk\cpp\V5\V5_20240802_15_00_00/vexv5\libv5rt.a(vex_brain.cpp.obj) (vex::triport::~triport())
c:\Users\randy\AppData\Roaming\Code\User\globalStorage\vexrobotics.vexcode\sdk\cpp\V5\V5_20240802_15_00_00/vexv5\libv5rt.a(vex_color.cpp.obj)
                              build/src/Dashboard.o (vex::color::~color())
c:\Users\randy\AppData\Roaming\Code\User\globalStorage\vexrobotics.vexcode\sdk\cpp\V5\V5_20240802_15_00_00/vexv5\libv5rt.a(vex_timer.cpp.obj)
[...]
Memory Configuration

Name             Origin             Length             Attributes
ps7_ddr_0_S_AXI_BASEADDR 0x03800000         0x04800000
*default*        0x00000000         0xffffffff

Linker script and memory map

                0x00002000                _STACK_SIZE = DEFINED (_STACK_SIZE)?_STACK_SIZE:0x2000
                0x00100000                _HEAP_SIZE = DEFINED (_HEAP_SIZE)?_HEAP_SIZE:0x100000
                0x00000400                _ABORT_STACK_SIZE = DEFINED (_ABORT_STACK_SIZE)?_ABORT_STACK_SIZE:0x400
                0x00000800                _SUPERVISOR_STACK_SIZE = DEFINED (_SUPERVISOR_STACK_SIZE)?_SUPERVISOR_STACK_SIZE:0x800
                0x00000400                _IRQ_STACK_SIZE = DEFINED (_IRQ_STACK_SIZE)?_IRQ_STACK_SIZE:0x400
                0x00000400                _FIQ_STACK_SIZE = DEFINED (_FIQ_STACK_SIZE)?_FIQ_STACK_SIZE:0x400
                0x00000400                _UNDEF_STACK_SIZE = DEFINED (_UNDEF_STACK_SIZE)?_UNDEF_STACK_SIZE:0x400

.text           0x03800000     0x8798
 *(.vectors)
 *(.boot_data)
 .boot_data     0x03800000       0x20 c:\Users\randy\AppData\Roaming\Code\User\globalStorage\vexrobotics.vexcode\sdk\cpp\V5\V5_20240802_15_00_00/vexv5\libv5rt.a(v5_startup.c.obj)
                0x03800000                vexCodeSig
                0x00000020                . = 0x20
 *(.boot)
 .boot          0x03800020       0xbc c:\Users\randy\AppData\Roaming\Code\User\globalStorage\vexrobotics.vexcode\sdk\cpp\V5\V5_20240802_15_00_00/vexv5\libv5rt.a(v5_startup.c.obj)
                0x03800020                vexStartup
                0x03800100                . = ALIGN (0x40)
 *fill*         0x038000dc       0x24 
 *(.freertos_vectors)
 *(.text)
 .text          0x03800100       0x3a c:\Users\randy\AppData\Roaming\Code\User\globalStorage\vexrobotics.vexcode\sdk\cpp\V5\V5_20240802_15_00_00/vexv5/gcc/libs\libc.a(lib_a-aeabi_memmove-soft.o)
                0x03800100                __aeabi_memmove4
                0x03800100                __aeabi_memmove
                0x03800100                __aeabi_memmove8
 *(.text.*)
 *fill*         0x0380013a        0x2 
 .text._ZN6Jetson12StatsManagerC2Ev
                0x0380013c       0x34 build/src/JetsonCommStats.o
                0x0380013c                Jetson::StatsManager::StatsManager()
                0x0380013c                Jetson::StatsManager::StatsManager()
 .text._ZN6Jetson12StatsManager10clearStatsEv
                0x03800170       0x6c build/src/JetsonCommStats.o
                0x03800170                Jetson::StatsManager::clearStats()
 .text._ZN6Jetson12StatsManager8logErrorENS_9CommErrorEPKc
                0x038001dc       0x90 build/src/JetsonCommStats.o
                0x038001dc                Jetson::StatsManager::logError(Jetson::CommError, char const*)
 .text._ZN6Jetson12StatsManager18recordTransmissionEbj
                0x0380026c       0x60 build/src/JetsonCommStats.o
                0x0380026c                Jetson::StatsManager::recordTransmission(bool, unsigned int)
 .text._ZN6Jetson12StatsManager11updateRatesEv
                0x038002cc      0x104 build/src/JetsonCommStats.o
                0x038002cc                Jetson::StatsManager::updateRates()
 .text._ZN6Jetson12StatsManager15recordReceptionEbj
                0x038003d0       0x60 build/src/JetsonCommStats.o
                0x038003d0                Jetson::StatsManager::recordReception(bool, unsigned int)
 .text._ZN6Jetson12StatsManager19recordBufferOverrunEv
                0x03800430       0x34 build/src/JetsonCommStats.o
                0x03800430                Jetson::StatsManager::recordBufferOverrun()
 .text._ZN6Jetson12StatsManager20recordRequestTimeoutEv
                0x03800464       0x34 build/src/JetsonCommStats.o
                0x03800464                Jetson::StatsManager::recordRequestTimeout()
 .text._ZNK6Jetson12StatsManager22getTransmitSuccessRateEv
                0x03800498       0x68 build/src/JetsonCommStats.o
                0x03800498                Jetson::StatsManager::getTransmitSuccessRate() const
 .text._ZNK6Jetson12StatsManager21getReceiveSuccessRateEv
                0x03800500       0x68 build/src/JetsonCommStats.o
                0x03800500                Jetson::StatsManager::getReceiveSuccessRate() const
 .text._ZNK6Jetson12StatsManager25getConnectionQualityScoreEv
                0x03800568       0x58 build/src/JetsonCommStats.o
                0x03800568                Jetson::StatsManager::getConnectionQualityScore() const
 .text._ZNK6Jetson12StatsManager19getTxBytesPerSecondEv
                0x038005c0       0x30 build/src/JetsonCommStats.o
                0x038005c0                Jetson::StatsManager::getTxBytesPerSecond() const
 .text._ZNK6Jetson12StatsManager19getRxBytesPerSecondEv
                0x038005f0       0x30 build/src/JetsonCommStats.o
                0x038005f0                Jetson::StatsManager::getRxBytesPerSecond() const
 .text._ZNK6Jetson12StatsManager21getTxPacketsPerSecondEv
                0x03800620       0x30 build/src/JetsonCommStats.o
                0x03800620                Jetson::StatsManager::getTxPacketsPerSecond() const
 .text._ZNK6Jetson12StatsManager21getRxPacketsPerSecondEv
                0x03800650       0x30 build/src/JetsonCommStats.o
                0x03800650                Jetson::StatsManager::getRxPacketsPerSecond() const
 .text._Z10autonomousv
                0x03800680        0x4 build/src/main.o
                0x03800680                autonomous()
 *fill*         0x03800684        0x4 
 .text._Z11usercontrolv
                0x03800688       0x90 build/src/main.o
                0x03800688                usercontrol()
 .text.main     0x03800718       0x78 build/src/main.o
                0x03800718                main
 .text._GLOBAL__sub_I_main.cpp
                0x03800790       0x34 build/src/main.o
 *fill*         0x038007c4        0x4 
 .text._Z13dashboardTaskv
                0x038007c8      0x7dc build/src/Dashboard.o
                0x038007c8                dashboardTask()
 *fill*         0x03800fa4        0x4 
 .text._Z14requestNothingv
                0x03800fa8       0x40 build/src/robot-config.o
                0x03800fa8                requestNothing()
 .text._Z15requestVoltagesv
                0x03800fe8       0x40 build/src/robot-config.o
                0x03800fe8                requestVoltages()
 .text._Z12requestMacrov
                0x03801028       0x40 build/src/robot-config.o
                0x03801028                requestMacro()
 .text._Z10requestAllv
                0x03801068       0x40 build/src/robot-config.o
                0x03801068                requestAll()
 .text._Z10requestLvlv
                0x038010a8       0x40 build/src/robot-config.o
                0x038010a8                requestLvl()
 .text._Z33rc_auto_loop_function_Controller1v
                0x038010e8      0x1d0 build/src/robot-config.o
                0x038010e8                rc_auto_loop_function_Controller1()
 .text._Z11vexcodeInitv
                0x038012b8      0x130 build/src/robot-config.o
                0x038012b8                vexcodeInit()
 .text._GLOBAL__sub_I_robot_config.cpp
                0x038013e8      0x3bc build/src/robot-config.o
 .text._ZN6Jetson10JetsonCommC2Ev
                0x038017a4      0x14c build/src/JetsonComm.o
                0x038017a4                Jetson::JetsonComm::JetsonComm()
                0x038017a4                Jetson::JetsonComm::JetsonComm()
 .text._ZN6Jetson10JetsonComm10readThreadEPv
                0x038018f0      0x23c build/src/JetsonComm.o
                0x038018f0                Jetson::JetsonComm::readThread(void*)
 .text._ZN6Jetson10JetsonComm11writeThreadEPv
                0x03801b2c      0x154 build/src/JetsonComm.o
                0x03801b2c                Jetson::JetsonComm::writeThread(void*)
 .text._ZN6Jetson10JetsonCommD2Ev
                0x03801c80       0x88 build/src/JetsonComm.o
                0x03801c80                Jetson::JetsonComm::~JetsonComm()
                0x03801c80                Jetson::JetsonComm::~JetsonComm()
 .text._ZN6Jetson10JetsonComm14updateRequestsEt
                0x03801d08       0x7c build/src/JetsonComm.o
                0x03801d08                Jetson::JetsonComm::updateRequests(unsigned short)
 .text._ZN6Jetson10JetsonComm12sendRequestsEt
                0x03801d84      0x18c build/src/JetsonComm.o
                0x03801d84                Jetson::JetsonComm::sendRequests(unsigned short)
 .text._ZN6Jetson10JetsonComm18sendAcknowledgmentEth
                0x03801f10      0x12c build/src/JetsonComm.o
                0x03801f10                Jetson::JetsonComm::sendAcknowledgment(unsigned short, unsigned char)
 .text._ZN6Jetson10JetsonComm12sendResponseEt
                0x0380203c      0x39c build/src/JetsonComm.o
                0x0380203c                Jetson::JetsonComm::sendResponse(unsigned short)
 .text._ZN6Jetson10JetsonComm13handleMessageEPKhj
                0x038023d8      0x27c build/src/JetsonComm.o
                0x038023d8                Jetson::JetsonComm::handleMessage(unsigned char const*, unsigned int)
 .text._ZNSt5queueItSt5dequeItSaItEEE3popEv
                0x03802654       0x54 build/src/JetsonComm.o
                0x03802654                std::queue<unsigned short, std::deque<unsigned short, std::allocator<unsigned short> > >::pop()
 .text._ZN6Jetson10JetsonComm19processReceivedDataEtPKht
                0x038026a8      0x334 build/src/JetsonComm.o
                0x038026a8                Jetson::JetsonComm::processReceivedData(unsigned short, unsigned char const*, unsigned short)
 .text._ZNK6Jetson10JetsonComm15getMotorCommandEv
                0x038029dc       0x38 build/src/JetsonComm.o
                0x038029dc                Jetson::JetsonComm::getMotorCommand() const
 .text._ZNK6Jetson10JetsonComm15getControlFlagsEv
                0x03802a14       0x2c build/src/JetsonComm.o
                0x03802a14                Jetson::JetsonComm::getControlFlags() const
 .text._ZNK6Jetson10JetsonComm16getJetsonBatteryEv
                0x03802a40       0x2c build/src/JetsonComm.o
                0x03802a40                Jetson::JetsonComm::getJetsonBattery() const
 .text._ZNSt11_Deque_baseItSaItEE17_M_initialize_mapEj
                0x03802a6c       0xac build/src/JetsonComm.o
                0x03802a6c                std::_Deque_base<unsigned short, std::allocator<unsigned short> >::_M_initialize_map(unsigned int)
 .text._ZNSt11_Deque_baseItSaItEED2Ev
                0x03802b18       0x50 build/src/JetsonComm.o
                0x03802b18                std::_Deque_base<unsigned short, std::allocator<unsigned short> >::~_Deque_base()
 .text._ZNSt11_Deque_baseItSaItEEC2EOS1_
                0x03802b68       0xa4 build/src/JetsonComm.o
                0x03802b68                std::_Deque_base<unsigned short, std::allocator<unsigned short> >::_Deque_base(std::_Deque_base<unsigned short, std::allocator<unsigned short> >&&)
 .text._ZNSt5dequeItSaItEE16_M_push_back_auxIJRKtEEEvDpOT_
                0x03802c0c       0x7c build/src/JetsonComm.o
                0x03802c0c                void std::deque<unsigned short, std::allocator<unsigned short> >::_M_push_back_aux<unsigned short const&>(unsigned short const&)
 .text._ZNSt5dequeItSaItEE17_M_reallocate_mapEjb
                0x03802c88      0x12c build/src/JetsonComm.o
                0x03802c88                std::deque<unsigned short, std::allocator<unsigned short> >::_M_reallocate_map(unsigned int, bool)
 .text._ZN9RobotLinkC2ElPKcN3vex8linkTypeE
                0x03802db4       0x94 build/src/RobotLink.o
                0x03802db4                RobotLink::RobotLink(long, char const*, vex::linkType)
                0x03802db4                RobotLink::RobotLink(long, char const*, vex::linkType)
 .text._ZN9RobotLink7tx_taskEPv
                0x03802e48       0xcc build/src/RobotLink.o
                0x03802e48                RobotLink::tx_task(void*)
 .text._ZN9RobotLink7rx_taskEPv
                0x03802f14       0x8c build/src/RobotLink.o
                0x03802f14                RobotLink::rx_task(void*)
 .text._ZN9RobotLinkD2Ev
                0x03802fa0       0x48 build/src/RobotLink.o
                0x03802fa0                RobotLink::~RobotLink()
                0x03802fa0                RobotLink::~RobotLink()
 .text._ZN9RobotLinkD0Ev
                0x03802fe8       0x14 build/src/RobotLink.o
                0x03802fe8                RobotLink::~RobotLink()
 .text._ZN9RobotLink19get_remote_locationERdS0_S0_
                0x03802ffc       0x60 build/src/RobotLink.o
                0x03802ffc                RobotLink::get_remote_location(double&, double&, double&)
 .text._ZN9RobotLink7processEh
                0x0380305c      0x254 build/src/RobotLink.o
                0x0380305c                RobotLink::process(unsigned char)
 .text.vexMain  0x038032b0       0xb0 c:\Users\randy\AppData\Roaming\Code\User\globalStorage\vexrobotics.vexcode\sdk\cpp\V5\V5_20240802_15_00_00/vexv5\libv5rt.a(v5_startup.c.obj)
                0x038032b0                vexMain
 .text.__vex_function_prolog
                0x03803360       0x18 c:\Users\randy\AppData\Roaming\Code\User\globalStorage\vexrobotics.vexcode\sdk\cpp\V5\V5_20240802_15_00_00/vexv5\libv5rt.a(v5_startup.c.obj)
                0x03803360                __vex_function_prolog
 .text._init    0x03803378        0x4 c:\Users\randy\AppData\Roaming\Code\User\globalStorage\vexrobotics.vexcode\sdk\cpp\V5\V5_20240802_15_00_00/vexv5\libv5rt.a(v5_startup.c.obj)
                0x03803378                _init
 .text._fini    0x0380337c        0x4 c:\Users\randy\AppData\Roaming\Code\User\globalStorage\vexrobotics.vexcode\sdk\cpp\V5\V5_20240802_15_00_00/vexv5\libv5rt.a(v5_startup.c.obj)
                0x0380337c                _fini
 .text.vexStdlibVersionLinked
                0x03803380        0xc c:\Users\randy\AppData\Roaming\Code\User\globalStorage\vexrobotics.vexcode\sdk\cpp\V5\V5_20240802_15_00_00/vexv5\libv5rt.a(v5_util.c.obj)
                0x03803380                vexStdlibVersionLinked
 .text.vexStdlibVersionVerify
                0x0380338c       0x30 c:\Users\randy\AppData\Roaming\Code\User\globalStorage\vexrobotics.vexcode\sdk\cpp\V5\V5_20240802_15_00_00/vexv5\libv5rt.a(v5_util.c.obj)
                0x0380338c                vexStdlibVersionVerify
 .text.vexPrivateApiEnable
                0x038033bc       0x10 c:\Users\randy\AppData\Roaming\Code\User\globalStorage\vexrobotics.vexcode\sdk\cpp\V5\V5_20240802_15_00_00/vexv5\libv5rt.a(v5_apijump.c.obj)
                0x038033bc                vexPrivateApiEnable
 .text.vexStdlibMismatchError
                0x038033cc       0x3c c:\Users\randy\AppData\Roaming\Code\User\globalStorage\vexrobotics.vexcode\sdk\cpp\V5\V5_20240802_15_00_00/vexv5\libv5rt.a(v5_apijump.c.obj)
                0x038033cc                vexStdlibMismatchError
 .text.vexTaskAdd
                0x03803408       0x10 c:\Users\randy\AppData\Roaming\Code\User\globalStorage\vexrobotics.vexcode\sdk\cpp\V5\V5_20240802_15_00_00/vexv5\libv5rt.a(v5_apijump.c.obj)
                0x03803408                vexTaskAdd
 .text.vexTasksRun
                0x03803418       0x10 c:\Users\randy\AppData\Roaming\Code\User\globalStorage\vexrobotics.vexcode\sdk\cpp\V5\V5_20240802_15_00_00/vexv5\libv5rt.a(v5_apijump.c.obj)
                0x03803418                vexTasksRun
 .text.vexTaskYield
                0x03803428       0x10 c:\Users\randy\AppData\Roaming\Code\User\globalStorage\vexrobotics.vexcode\sdk\cpp\V5\V5_20240802_15_00_00/vexv5\libv5rt.a(v5_apijump.c.obj)
                0x03803428                vexTaskYield
 .text.vexTaskCheckTimeslice
                0x03803438       0x10 c:\Users\randy\AppData\Roaming\Code\User\globalStorage\vexrobotics.vexcode\sdk\cpp\V5\V5_20240802_15_00_00/vexv5\libv5rt.a(v5_apijump.c.obj)
                0x03803438                vexTaskCheckTimeslice
 .text.vexTaskSleep
                0x03803448       0x10 c:\Users\randy\AppData\Roaming\Code\User\globalStorage\vexrobotics.vexcode\sdk\cpp\V5\V5_20240802_15_00_00/vexv5\libv5rt.a(v5_apijump.c.obj)
                0x03803448                vexTaskSleep
 .text.vexSemaphoreInit
                0x03803458       0x24 c:\Users\randy\AppData\Roaming\Code\User\globalStorage\vexrobotics.vexcode\sdk\cpp\V5\V5_20240802_15_00_00/vexv5\libv5rt.a(v5_apijump.c.obj)
                0x03803458                vexSemaphoreInit
 .text.vexSemaphoreLock
                0x0380347c       0x2c c:\Users\randy\AppData\Roaming\Code\User\globalStorage\vexrobotics.vexcode\sdk\cpp\V5\V5_20240802_15_00_00/vexv5\libv5rt.a(v5_apijump.c.obj)
                0x0380347c                vexSemaphoreLock
 .text.vexSemaphoreUnlock
                0x038034a8       0x24 c:\Users\randy\AppData\Roaming\Code\User\globalStorage\vexrobotics.vexcode\sdk\cpp\V5\V5_20240802_15_00_00/vexv5\libv5rt.a(v5_apijump.c.obj)
                0x038034a8                vexSemaphoreUnlock
 .text.vexTasksDump
                0x038034cc       0x1c c:\Users\randy\AppData\Roaming\Code\User\globalStorage\vexrobotics.vexcode\sdk\cpp\V5\V5_20240802_15_00_00/vexv5\libv5rt.a(v5_apijump.c.obj)
                0x038034cc                vexTasksDump
 .text.vexTaskStateGet
                0x038034e8       0x10 c:\Users\randy\AppData\Roaming\Code\User\globalStorage\vexrobotics.vexcode\sdk\cpp\V5\V5_20240802_15_00_00/vexv5\libv5rt.a(v5_apijump.c.obj)
                0x038034e8                vexTaskStateGet
 .text.vexTaskGetTaskIndex
                0x038034f8       0x10 c:\Users\randy\AppData\Roaming\Code\User\globalStorage\vexrobotics.vexcode\sdk\cpp\V5\V5_20240802_15_00_00/vexv5\libv5rt.a(v5_apijump.c.obj)
                0x038034f8                vexTaskGetTaskIndex
 .text.vexTaskStopAll
                0x03803508       0x10 c:\Users\randy\AppData\Roaming\Code\User\globalStorage\vexrobotics.vexcode\sdk\cpp\V5\V5_20240802_15_00_00/vexv5\libv5rt.a(v5_apijump.c.obj)
                0x03803508                vexTaskStopAll
 .text.vexTaskRemoveAllUser
                0x03803518       0x34 c:\Users\randy\AppData\Roaming\Code\User\globalStorage\vexrobotics.vexcode\sdk\cpp\V5\V5_20240802_15_00_00/vexv5\libv5rt.a(v5_apijump.c.obj)
                0x03803518                vexTaskRemoveAllUser
 .text.vexTaskCompletionIdSet
                0x0380354c       0x10 c:\Users\randy\AppData\Roaming\Code\User\globalStorage\vexrobotics.vexcode\sdk\cpp\V5\V5_20240802_15_00_00/vexv5\libv5rt.a(v5_apijump.c.obj)
                0x0380354c                vexTaskCompletionIdSet
 .text.vexTaskAddWithArg
                0x0380355c       0x10 c:\Users\randy\AppData\Roaming\Code\User\globalStorage\vexrobotics.vexcode\sdk\cpp\V5\V5_20240802_15_00_00/vexv5\libv5rt.a(v5_apijump.c.obj)
                0x0380355c                vexTaskAddWithArg
 .text.vexTaskStopWithId
                0x0380356c       0x10 c:\Users\randy\AppData\Roaming\Code\User\globalStorage\vexrobotics.vexcode\sdk\cpp\V5\V5_20240802_15_00_00/vexv5\libv5rt.a(v5_apijump.c.obj)
                0x0380356c                vexTaskStopWithId
 .text.vexCriticalSection
                0x0380357c       0x2c c:\Users\randy\AppData\Roaming\Code\User\globalStorage\vexrobotics.vexcode\sdk\cpp\V5\V5_20240802_15_00_00/vexv5\libv5rt.a(v5_apijump.c.obj)
                0x0380357c                vexCriticalSection
 .text.vexEventAdd
                0x038035a8       0x34 c:\Users\randy\AppData\Roaming\Code\User\globalStorage\vexrobotics.vexcode\sdk\cpp\V5\V5_20240802_15_00_00/vexv5\libv5rt.a(v5_apijump.c.obj)
                0x038035a8                vexEventAdd
 .text.vexEventUserIndexGet
                0x038035dc       0x1c c:\Users\randy\AppData\Roaming\Code\User\globalStorage\vexrobotics.vexcode\sdk\cpp\V5\V5_20240802_15_00_00/vexv5\libv5rt.a(v5_apijump.c.obj)
                0x038035dc                vexEventUserIndexGet
 .text.vexEventAddWithArg
                0x038035f8       0x3c c:\Users\randy\AppData\Roaming\Code\User\globalStorage\vexrobotics.vexcode\sdk\cpp\V5\V5_20240802_15_00_00/vexv5\libv5rt.a(v5_apijump.c.obj)
                0x038035f8                vexEventAddWithArg
 .text.vexEventsCleanup
                0x03803634       0x2c c:\Users\randy\AppData\Roaming\Code\User\globalStorage\vexrobotics.vexcode\sdk\cpp\V5\V5_20240802_15_00_00/vexv5\libv5rt.a(v5_apijump.c.obj)
                0x03803634                vexEventsCleanup
 .text.vexDebug
                0x03803660       0x38 c:\Users\randy\AppData\Roaming\Code\User\globalStorage\vexrobotics.vexcode\sdk\cpp\V5\V5_20240802_15_00_00/vexv5\libv5rt.a(v5_apijump.c.obj)
                0x03803660                vexDebug
 .text.vex_sprintf
                0x03803698       0x40 c:\Users\randy\AppData\Roaming\Code\User\globalStorage\vexrobotics.vexcode\sdk\cpp\V5\V5_20240802_15_00_00/vexv5\libv5rt.a(v5_apijump.c.obj)
                0x03803698                vex_sprintf
 .text.vex_vsnprintf
                0x038036d8       0x3c c:\Users\randy\AppData\Roaming\Code\User\globalStorage\vexrobotics.vexcode\sdk\cpp\V5\V5_20240802_15_00_00/vexv5\libv5rt.a(v5_apijump.c.obj)
                0x038036d8                vex_vsnprintf
 .text.vexSystemTimeGet
                0x03803714       0x1c c:\Users\randy\AppData\Roaming\Code\User\globalStorage\vexrobotics.vexcode\sdk\cpp\V5\V5_20240802_15_00_00/vexv5\libv5rt.a(v5_apijump.c.obj)
                0x03803714                vexSystemTimeGet
 .text.vexSystemExitRequest
                0x03803730       0x1c c:\Users\randy\AppData\Roaming\Code\User\globalStorage\vexrobotics.vexcode\sdk\cpp\V5\V5_20240802_15_00_00/vexv5\libv5rt.a(v5_apijump.c.obj)
                0x03803730                vexSystemExitRequest
 .text.vexDeviceGetByIndex
                0x0380374c       0x24 c:\Users\randy\AppData\Roaming\Code\User\globalStorage\vexrobotics.vexcode\sdk\cpp\V5\V5_20240802_15_00_00/vexv5\libv5rt.a(v5_apijump.c.obj)
                0x0380374c                vexDeviceGetByIndex
 .text.vexControllerGet
                0x03803770       0x2c c:\Users\randy\AppData\Roaming\Code\User\globalStorage\vexrobotics.vexcode\sdk\cpp\V5\V5_20240802_15_00_00/vexv5\libv5rt.a(v5_apijump.c.obj)
                0x03803770                vexControllerGet
 .text.vexDeviceMotorVelocitySet
                0x0380379c       0x2c c:\Users\randy\AppData\Roaming\Code\User\globalStorage\vexrobotics.vexcode\sdk\cpp\V5\V5_20240802_15_00_00/vexv5\libv5rt.a(v5_apijump.c.obj)
                0x0380379c                vexDeviceMotorVelocitySet
 .text.vexDeviceMotorVoltageSet
                0x038037c8       0x2c c:\Users\randy\AppData\Roaming\Code\User\globalStorage\vexrobotics.vexcode\sdk\cpp\V5\V5_20240802_15_00_00/vexv5\libv5rt.a(v5_apijump.c.obj)
                0x038037c8                vexDeviceMotorVoltageSet
 .text.vexDeviceMotorVelocityGet
                0x038037f4       0x24 c:\Users\randy\AppData\Roaming\Code\User\globalStorage\vexrobotics.vexcode\sdk\cpp\V5\V5_20240802_15_00_00/vexv5\libv5rt.a(v5_apijump.c.obj)
                0x038037f4                vexDeviceMotorVelocityGet
 .text.vexDeviceMotorActualVelocityGet
                0x03803818       0x24 c:\Users\randy\AppData\Roaming\Code\User\globalStorage\vexrobotics.vexcode\sdk\cpp\V5\V5_20240802_15_00_00/vexv5\libv5rt.a(v5_apijump.c.obj)
                0x03803818                vexDeviceMotorActualVelocityGet
 .text.vexDeviceMotorModeGet
                0x0380383c       0x24 c:\Users\randy\AppData\Roaming\Code\User\globalStorage\vexrobotics.vexcode\sdk\cpp\V5\V5_20240802_15_00_00/vexv5\libv5rt.a(v5_apijump.c.obj)
                0x0380383c                vexDeviceMotorModeGet
 .text.vexDeviceMotorZeroPositionFlagGet
                0x03803860       0x24 c:\Users\randy\AppData\Roaming\Code\User\globalStorage\vexrobotics.vexcode\sdk\cpp\V5\V5_20240802_15_00_00/vexv5\libv5rt.a(v5_apijump.c.obj)
                0x03803860                vexDeviceMotorZeroPositionFlagGet
 .text.vexDeviceMotorReverseFlagSet
                0x03803884       0x2c c:\Users\randy\AppData\Roaming\Code\User\globalStorage\vexrobotics.vexcode\sdk\cpp\V5\V5_20240802_15_00_00/vexv5\libv5rt.a(v5_apijump.c.obj)
                0x03803884                vexDeviceMotorReverseFlagSet
 .text.vexDeviceMotorEncoderUnitsSet
                0x038038b0       0x2c c:\Users\randy\AppData\Roaming\Code\User\globalStorage\vexrobotics.vexcode\sdk\cpp\V5\V5_20240802_15_00_00/vexv5\libv5rt.a(v5_apijump.c.obj)
                0x038038b0                vexDeviceMotorEncoderUnitsSet
 .text.vexDeviceMotorBrakeModeSet
                0x038038dc       0x2c c:\Users\randy\AppData\Roaming\Code\User\globalStorage\vexrobotics.vexcode\sdk\cpp\V5\V5_20240802_15_00_00/vexv5\libv5rt.a(v5_apijump.c.obj)
                0x038038dc                vexDeviceMotorBrakeModeSet
 .text.vexDeviceMotorPositionSet
                0x03803908       0x34 c:\Users\randy\AppData\Roaming\Code\User\globalStorage\vexrobotics.vexcode\sdk\cpp\V5\V5_20240802_15_00_00/vexv5\libv5rt.a(v5_apijump.c.obj)
                0x03803908                vexDeviceMotorPositionSet
 .text.vexDeviceMotorRelativeTargetSet
                0x0380393c       0x3c c:\Users\randy\AppData\Roaming\Code\User\globalStorage\vexrobotics.vexcode\sdk\cpp\V5\V5_20240802_15_00_00/vexv5\libv5rt.a(v5_apijump.c.obj)
                0x0380393c                vexDeviceMotorRelativeTargetSet
 .text.vexDeviceMotorGearingSet
                0x03803978       0x2c c:\Users\randy\AppData\Roaming\Code\User\globalStorage\vexrobotics.vexcode\sdk\cpp\V5\V5_20240802_15_00_00/vexv5\libv5rt.a(v5_apijump.c.obj)
                0x03803978                vexDeviceMotorGearingSet
 .text.vexDeviceMotorGearingGet
                0x038039a4       0x24 c:\Users\randy\AppData\Roaming\Code\User\globalStorage\vexrobotics.vexcode\sdk\cpp\V5\V5_20240802_15_00_00/vexv5\libv5rt.a(v5_apijump.c.obj)
                0x038039a4                vexDeviceMotorGearingGet
 .text.vexDeviceImuReset
                0x038039c8       0x24 c:\Users\randy\AppData\Roaming\Code\User\globalStorage\vexrobotics.vexcode\sdk\cpp\V5\V5_20240802_15_00_00/vexv5\libv5rt.a(v5_apijump.c.obj)
                0x038039c8                vexDeviceImuReset
 .text.vexDeviceImuHeadingGet
                0x038039ec       0x24 c:\Users\randy\AppData\Roaming\Code\User\globalStorage\vexrobotics.vexcode\sdk\cpp\V5\V5_20240802_15_00_00/vexv5\libv5rt.a(v5_apijump.c.obj)
                0x038039ec                vexDeviceImuHeadingGet
 .text.vexDeviceImuDegreesGet
                0x03803a10       0x24 c:\Users\randy\AppData\Roaming\Code\User\globalStorage\vexrobotics.vexcode\sdk\cpp\V5\V5_20240802_15_00_00/vexv5\libv5rt.a(v5_apijump.c.obj)
                0x03803a10                vexDeviceImuDegreesGet
 .text.vexDeviceImuStatusGet
                0x03803a34       0x24 c:\Users\randy\AppData\Roaming\Code\User\globalStorage\vexrobotics.vexcode\sdk\cpp\V5\V5_20240802_15_00_00/vexv5\libv5rt.a(v5_apijump.c.obj)
                0x03803a34                vexDeviceImuStatusGet
 .text.vexDeviceGpsReset
                0x03803a58       0x38 c:\Users\randy\AppData\Roaming\Code\User\globalStorage\vexrobotics.vexcode\sdk\cpp\V5\V5_20240802_15_00_00/vexv5\libv5rt.a(v5_apijump.c.obj)
                0x03803a58                vexDeviceGpsReset
 .text.vexDeviceGpsHeadingGet
                0x03803a90       0x44 c:\Users\randy\AppData\Roaming\Code\User\globalStorage\vexrobotics.vexcode\sdk\cpp\V5\V5_20240802_15_00_00/vexv5\libv5rt.a(v5_apijump.c.obj)
                0x03803a90                vexDeviceGpsHeadingGet
 .text.vexDeviceGpsDegreesGet
                0x03803ad4       0x44 c:\Users\randy\AppData\Roaming\Code\User\globalStorage\vexrobotics.vexcode\sdk\cpp\V5\V5_20240802_15_00_00/vexv5\libv5rt.a(v5_apijump.c.obj)
                0x03803ad4                vexDeviceGpsDegreesGet
 .text.vexDeviceGpsAttitudeGet
                0x03803b18      0x198 c:\Users\randy\AppData\Roaming\Code\User\globalStorage\vexrobotics.vexcode\sdk\cpp\V5\V5_20240802_15_00_00/vexv5\libv5rt.a(v5_apijump.c.obj)
                0x03803b18                vexDeviceGpsAttitudeGet
 .text.vexDeviceGpsStatusGet
                0x03803cb0       0x40 c:\Users\randy\AppData\Roaming\Code\User\globalStorage\vexrobotics.vexcode\sdk\cpp\V5\V5_20240802_15_00_00/vexv5\libv5rt.a(v5_apijump.c.obj)
                0x03803cb0                vexDeviceGpsStatusGet
 .text.vexDeviceGpsModeSet
                0x03803cf0       0x40 c:\Users\randy\AppData\Roaming\Code\User\globalStorage\vexrobotics.vexcode\sdk\cpp\V5\V5_20240802_15_00_00/vexv5\libv5rt.a(v5_apijump.c.obj)
                0x03803cf0                vexDeviceGpsModeSet
 .text.vexDeviceGpsOriginSet
                0x03803d30       0x50 c:\Users\randy\AppData\Roaming\Code\User\globalStorage\vexrobotics.vexcode\sdk\cpp\V5\V5_20240802_15_00_00/vexv5\libv5rt.a(v5_apijump.c.obj)
                0x03803d30                vexDeviceGpsOriginSet
 .text.vexDeviceGpsRotationSet
                0x03803d80       0x48 c:\Users\randy\AppData\Roaming\Code\User\globalStorage\vexrobotics.vexcode\sdk\cpp\V5\V5_20240802_15_00_00/vexv5\libv5rt.a(v5_apijump.c.obj)
                0x03803d80                vexDeviceGpsRotationSet
 .text.vexDeviceGpsRotationGet
                0x03803dc8       0x44 c:\Users\randy\AppData\Roaming\Code\User\globalStorage\vexrobotics.vexcode\sdk\cpp\V5\V5_20240802_15_00_00/vexv5\libv5rt.a(v5_apijump.c.obj)
                0x03803dc8                vexDeviceGpsRotationGet
 .text.vexDisplayForegroundColor
                0x03803e0c       0x24 c:\Users\randy\AppData\Roaming\Code\User\globalStorage\vexrobotics.vexcode\sdk\cpp\V5\V5_20240802_15_00_00/vexv5\libv5rt.a(v5_apijump.c.obj)
                0x03803e0c                vexDisplayForegroundColor
 .text.vexDisplayBackgroundColor
                0x03803e30       0x24 c:\Users\randy\AppData\Roaming\Code\User\globalStorage\vexrobotics.vexcode\sdk\cpp\V5\V5_20240802_15_00_00/vexv5\libv5rt.a(v5_apijump.c.obj)
                0x03803e30                vexDisplayBackgroundColor
 .text.vexDisplayBackgroundColorGet
                0x03803e54       0x1c c:\Users\randy\AppData\Roaming\Code\User\globalStorage\vexrobotics.vexcode\sdk\cpp\V5\V5_20240802_15_00_00/vexv5\libv5rt.a(v5_apijump.c.obj)
                0x03803e54                vexDisplayBackgroundColorGet
 .text.vexDisplayRectDraw
                0x03803e70       0x4c c:\Users\randy\AppData\Roaming\Code\User\globalStorage\vexrobotics.vexcode\sdk\cpp\V5\V5_20240802_15_00_00/vexv5\libv5rt.a(v5_apijump.c.obj)
                0x03803e70                vexDisplayRectDraw
 .text.vexDisplayRectClear
                0x03803ebc       0x4c c:\Users\randy\AppData\Roaming\Code\User\globalStorage\vexrobotics.vexcode\sdk\cpp\V5\V5_20240802_15_00_00/vexv5\libv5rt.a(v5_apijump.c.obj)
                0x03803ebc                vexDisplayRectClear
 .text.vexDisplayVPrintf
                0x03803f08       0x50 c:\Users\randy\AppData\Roaming\Code\User\globalStorage\vexrobotics.vexcode\sdk\cpp\V5\V5_20240802_15_00_00/vexv5\libv5rt.a(v5_apijump.c.obj)
                0x03803f08                vexDisplayVPrintf
 .text.vexDisplayTextReference
                0x03803f58       0x24 c:\Users\randy\AppData\Roaming\Code\User\globalStorage\vexrobotics.vexcode\sdk\cpp\V5\V5_20240802_15_00_00/vexv5\libv5rt.a(v5_apijump.c.obj)
                0x03803f58                vexDisplayTextReference
 .text.vexDisplayTextSize
                0x03803f7c       0x2c c:\Users\randy\AppData\Roaming\Code\User\globalStorage\vexrobotics.vexcode\sdk\cpp\V5\V5_20240802_15_00_00/vexv5\libv5rt.a(v5_apijump.c.obj)
                0x03803f7c                vexDisplayTextSize
 .text.vexDisplayFontNamedSet
                0x03803fa8       0x24 c:\Users\randy\AppData\Roaming\Code\User\globalStorage\vexrobotics.vexcode\sdk\cpp\V5\V5_20240802_15_00_00/vexv5\libv5rt.a(v5_apijump.c.obj)
                0x03803fa8                vexDisplayFontNamedSet
 .text.vexDisplayStringWidthGet
                0x03803fcc       0x24 c:\Users\randy\AppData\Roaming\Code\User\globalStorage\vexrobotics.vexcode\sdk\cpp\V5\V5_20240802_15_00_00/vexv5\libv5rt.a(v5_apijump.c.obj)
                0x03803fcc                vexDisplayStringWidthGet
 .text.vexDisplayPenSizeGet
                0x03803ff0       0x1c c:\Users\randy\AppData\Roaming\Code\User\globalStorage\vexrobotics.vexcode\sdk\cpp\V5\V5_20240802_15_00_00/vexv5\libv5rt.a(v5_apijump.c.obj)
                0x03803ff0                vexDisplayPenSizeGet
 .text.vexSystemStdlibImpureDataAddr
                0x0380400c       0x28 c:\Users\randy\AppData\Roaming\Code\User\globalStorage\vexrobotics.vexcode\sdk\cpp\V5\V5_20240802_15_00_00/vexv5\libv5rt.a(v5_apijump.c.obj)
                0x0380400c                vexSystemStdlibImpureDataAddr
 .text.vexSystemStdlibImpureDataSize
                0x03804034       0x28 c:\Users\randy\AppData\Roaming\Code\User\globalStorage\vexrobotics.vexcode\sdk\cpp\V5\V5_20240802_15_00_00/vexv5\libv5rt.a(v5_apijump.c.obj)
                0x03804034                vexSystemStdlibImpureDataSize
 .text.vexSystemSaveUserData
                0x0380405c       0x3c c:\Users\randy\AppData\Roaming\Code\User\globalStorage\vexrobotics.vexcode\sdk\cpp\V5\V5_20240802_15_00_00/vexv5\libv5rt.a(v5_apijump.c.obj)
                0x0380405c                vexSystemSaveUserData
 .text.vexDisplayClipRegionSet
                0x03804098       0x4c c:\Users\randy\AppData\Roaming\Code\User\globalStorage\vexrobotics.vexcode\sdk\cpp\V5\V5_20240802_15_00_00/vexv5\libv5rt.a(v5_apijump.c.obj)
                0x03804098                vexDisplayClipRegionSet
 .text.vexDisplayThemeIdGet
                0x038040e4       0x38 c:\Users\randy\AppData\Roaming\Code\User\globalStorage\vexrobotics.vexcode\sdk\cpp\V5\V5_20240802_15_00_00/vexv5\libv5rt.a(v5_apijump.c.obj)
                0x038040e4                vexDisplayThemeIdGet
 .text.vexDisplayRender
                0x0380411c       0x2c c:\Users\randy\AppData\Roaming\Code\User\globalStorage\vexrobotics.vexcode\sdk\cpp\V5\V5_20240802_15_00_00/vexv5\libv5rt.a(v5_apijump.c.obj)
                0x0380411c                vexDisplayRender
 .text.vexBatteryCapacityGet
                0x03804148       0x1c c:\Users\randy\AppData\Roaming\Code\User\globalStorage\vexrobotics.vexcode\sdk\cpp\V5\V5_20240802_15_00_00/vexv5\libv5rt.a(v5_apijump.c.obj)
                0x03804148                vexBatteryCapacityGet
 .text.vexDeviceEventMaskSet
                0x03804164       0x48 c:\Users\randy\AppData\Roaming\Code\User\globalStorage\vexrobotics.vexcode\sdk\cpp\V5\V5_20240802_15_00_00/vexv5\libv5rt.a(v5_apijump.c.obj)
                0x03804164                vexDeviceEventMaskSet
 .text.vexDeviceEventMaskGet
                0x038041ac       0x3c c:\Users\randy\AppData\Roaming\Code\User\globalStorage\vexrobotics.vexcode\sdk\cpp\V5\V5_20240802_15_00_00/vexv5\libv5rt.a(v5_apijump.c.obj)
                0x038041ac                vexDeviceEventMaskGet
 .text.vexDeviceGenericSerialEnable
                0x038041e8       0x2c c:\Users\randy\AppData\Roaming\Code\User\globalStorage\vexrobotics.vexcode\sdk\cpp\V5\V5_20240802_15_00_00/vexv5\libv5rt.a(v5_apijump.c.obj)
                0x038041e8                vexDeviceGenericSerialEnable
 .text.vexDeviceGenericSerialBaudrate
                0x03804214       0x2c c:\Users\randy\AppData\Roaming\Code\User\globalStorage\vexrobotics.vexcode\sdk\cpp\V5\V5_20240802_15_00_00/vexv5\libv5rt.a(v5_apijump.c.obj)
                0x03804214                vexDeviceGenericSerialBaudrate
 .text.vexDeviceGenericSerialWriteChar
                0x03804240       0x2c c:\Users\randy\AppData\Roaming\Code\User\globalStorage\vexrobotics.vexcode\sdk\cpp\V5\V5_20240802_15_00_00/vexv5\libv5rt.a(v5_apijump.c.obj)
                0x03804240                vexDeviceGenericSerialWriteChar
 .text.vexDeviceGenericSerialWriteFree
                0x0380426c       0x24 c:\Users\randy\AppData\Roaming\Code\User\globalStorage\vexrobotics.vexcode\sdk\cpp\V5\V5_20240802_15_00_00/vexv5\libv5rt.a(v5_apijump.c.obj)
                0x0380426c                vexDeviceGenericSerialWriteFree
 .text.vexDeviceGenericSerialTransmit
                0x03804290       0x34 c:\Users\randy\AppData\Roaming\Code\User\globalStorage\vexrobotics.vexcode\sdk\cpp\V5\V5_20240802_15_00_00/vexv5\libv5rt.a(v5_apijump.c.obj)
                0x03804290                vexDeviceGenericSerialTransmit
 .text.vexDeviceGenericSerialReadChar
                0x038042c4       0x24 c:\Users\randy\AppData\Roaming\Code\User\globalStorage\vexrobotics.vexcode\sdk\cpp\V5\V5_20240802_15_00_00/vexv5\libv5rt.a(v5_apijump.c.obj)
                0x038042c4                vexDeviceGenericSerialReadChar
 .text.vexDeviceGenericSerialPeekChar
                0x038042e8       0x24 c:\Users\randy\AppData\Roaming\Code\User\globalStorage\vexrobotics.vexcode\sdk\cpp\V5\V5_20240802_15_00_00/vexv5\libv5rt.a(v5_apijump.c.obj)
                0x038042e8                vexDeviceGenericSerialPeekChar
 .text.vexDeviceGenericSerialReceiveAvail
                0x0380430c       0x24 c:\Users\randy\AppData\Roaming\Code\User\globalStorage\vexrobotics.vexcode\sdk\cpp\V5\V5_20240802_15_00_00/vexv5\libv5rt.a(v5_apijump.c.obj)
                0x0380430c                vexDeviceGenericSerialReceiveAvail
 .text.vexDeviceGenericSerialReceive
                0x03804330       0x34 c:\Users\randy\AppData\Roaming\Code\User\globalStorage\vexrobotics.vexcode\sdk\cpp\V5\V5_20240802_15_00_00/vexv5\libv5rt.a(v5_apijump.c.obj)
                0x03804330                vexDeviceGenericSerialReceive
 .text.vexDeviceGenericRadioConnection
                0x03804364       0x3c c:\Users\randy\AppData\Roaming\Code\User\globalStorage\vexrobotics.vexcode\sdk\cpp\V5\V5_20240802_15_00_00/vexv5\libv5rt.a(v5_apijump.c.obj)
                0x03804364                vexDeviceGenericRadioConnection
 .text.vexDeviceGenericRadioWriteChar
                0x038043a0       0x2c c:\Users\randy\AppData\Roaming\Code\User\globalStorage\vexrobotics.vexcode\sdk\cpp\V5\V5_20240802_15_00_00/vexv5\libv5rt.a(v5_apijump.c.obj)
                0x038043a0                vexDeviceGenericRadioWriteChar
 .text.vexDeviceGenericRadioWriteFree
                0x038043cc       0x24 c:\Users\randy\AppData\Roaming\Code\User\globalStorage\vexrobotics.vexcode\sdk\cpp\V5\V5_20240802_15_00_00/vexv5\libv5rt.a(v5_apijump.c.obj)
                0x038043cc                vexDeviceGenericRadioWriteFree
 .text.vexDeviceGenericRadioTransmit
                0x038043f0       0x34 c:\Users\randy\AppData\Roaming\Code\User\globalStorage\vexrobotics.vexcode\sdk\cpp\V5\V5_20240802_15_00_00/vexv5\libv5rt.a(v5_apijump.c.obj)
                0x038043f0                vexDeviceGenericRadioTransmit
 .text.vexDeviceGenericRadioReadChar
                0x03804424       0x24 c:\Users\randy\AppData\Roaming\Code\User\globalStorage\vexrobotics.vexcode\sdk\cpp\V5\V5_20240802_15_00_00/vexv5\libv5rt.a(v5_apijump.c.obj)
                0x03804424                vexDeviceGenericRadioReadChar
 .text.vexDeviceGenericRadioPeekChar
                0x03804448       0x24 c:\Users\randy\AppData\Roaming\Code\User\globalStorage\vexrobotics.vexcode\sdk\cpp\V5\V5_20240802_15_00_00/vexv5\libv5rt.a(v5_apijump.c.obj)
                0x03804448                vexDeviceGenericRadioPeekChar
 .text.vexDeviceGenericRadioReceiveAvail
                0x0380446c       0x24 c:\Users\randy\AppData\Roaming\Code\User\globalStorage\vexrobotics.vexcode\sdk\cpp\V5\V5_20240802_15_00_00/vexv5\libv5rt.a(v5_apijump.c.obj)
                0x0380446c                vexDeviceGenericRadioReceiveAvail
 .text.vexDeviceGenericRadioReceive
                0x03804490       0x34 c:\Users\randy\AppData\Roaming\Code\User\globalStorage\vexrobotics.vexcode\sdk\cpp\V5\V5_20240802_15_00_00/vexv5\libv5rt.a(v5_apijump.c.obj)
                0x03804490                vexDeviceGenericRadioReceive
 .text.vexDeviceGenericRadioLinkStatus
                0x038044c4       0x24 c:\Users\randy\AppData\Roaming\Code\User\globalStorage\vexrobotics.vexcode\sdk\cpp\V5\V5_20240802_15_00_00/vexv5\libv5rt.a(v5_apijump.c.obj)
                0x038044c4                vexDeviceGenericRadioLinkStatus
 .text.vexDeviceGenericCdcConnection
                0x038044e8       0x2c c:\Users\randy\AppData\Roaming\Code\User\globalStorage\vexrobotics.vexcode\sdk\cpp\V5\V5_20240802_15_00_00/vexv5\libv5rt.a(v5_apijump.c.obj)
                0x038044e8                vexDeviceGenericCdcConnection
 .text.vexDeviceGenericCdcWriteChar
                0x03804514       0x2c c:\Users\randy\AppData\Roaming\Code\User\globalStorage\vexrobotics.vexcode\sdk\cpp\V5\V5_20240802_15_00_00/vexv5\libv5rt.a(v5_apijump.c.obj)
                0x03804514                vexDeviceGenericCdcWriteChar
 .text.vexDeviceGenericCdcWriteFree
                0x03804540       0x24 c:\Users\randy\AppData\Roaming\Code\User\globalStorage\vexrobotics.vexcode\sdk\cpp\V5\V5_20240802_15_00_00/vexv5\libv5rt.a(v5_apijump.c.obj)
                0x03804540                vexDeviceGenericCdcWriteFree
 .text.vexDeviceGenericCdcTransmit
                0x03804564       0x34 c:\Users\randy\AppData\Roaming\Code\User\globalStorage\vexrobotics.vexcode\sdk\cpp\V5\V5_20240802_15_00_00/vexv5\libv5rt.a(v5_apijump.c.obj)
                0x03804564                vexDeviceGenericCdcTransmit
 .text.vexDeviceGenericCdcReadChar
                0x03804598       0x24 c:\Users\randy\AppData\Roaming\Code\User\globalStorage\vexrobotics.vexcode\sdk\cpp\V5\V5_20240802_15_00_00/vexv5\libv5rt.a(v5_apijump.c.obj)
                0x03804598                vexDeviceGenericCdcReadChar
 .text.vexDeviceGenericCdcPeekChar
                0x038045bc       0x24 c:\Users\randy\AppData\Roaming\Code\User\globalStorage\vexrobotics.vexcode\sdk\cpp\V5\V5_20240802_15_00_00/vexv5\libv5rt.a(v5_apijump.c.obj)
                0x038045bc                vexDeviceGenericCdcPeekChar
 .text.vexDeviceGenericCdcReceiveAvail
                0x038045e0       0x24 c:\Users\randy\AppData\Roaming\Code\User\globalStorage\vexrobotics.vexcode\sdk\cpp\V5\V5_20240802_15_00_00/vexv5\libv5rt.a(v5_apijump.c.obj)
                0x038045e0                vexDeviceGenericCdcReceiveAvail
 .text.vexDeviceGenericCdcReceive
                0x03804604       0x34 c:\Users\randy\AppData\Roaming\Code\User\globalStorage\vexrobotics.vexcode\sdk\cpp\V5\V5_20240802_15_00_00/vexv5\libv5rt.a(v5_apijump.c.obj)
                0x03804604                vexDeviceGenericCdcReceive
 .text.vexDeviceGenericCdcLinkStatus
                0x03804638       0x24 c:\Users\randy\AppData\Roaming\Code\User\globalStorage\vexrobotics.vexcode\sdk\cpp\V5\V5_20240802_15_00_00/vexv5\libv5rt.a(v5_apijump.c.obj)
                0x03804638                vexDeviceGenericCdcLinkStatus
 .text.vexSystemVersion
                0x0380465c       0x10 c:\Users\randy\AppData\Roaming\Code\User\globalStorage\vexrobotics.vexcode\sdk\cpp\V5\V5_20240802_15_00_00/vexv5\libv5rt.a(v5_apiversions.c.obj)
                0x0380465c                vexSystemVersion
 .text.vexStdlibVersion
                0x0380466c       0x10 c:\Users\randy\AppData\Roaming\Code\User\globalStorage\vexrobotics.vexcode\sdk\cpp\V5\V5_20240802_15_00_00/vexv5\libv5rt.a(v5_apiversions.c.obj)
                0x0380466c                vexStdlibVersion
 *fill*         0x0380467c        0x4 
 .text._ZN3vex4waitEdNS_9timeUnitsE
                0x03804680       0x30 c:\Users\randy\AppData\Roaming\Code\User\globalStorage\vexrobotics.vexcode\sdk\cpp\V5\V5_20240802_15_00_00/vexv5\libv5rt.a(vex_global.cpp.obj)
                0x03804680                vex::wait(double, vex::timeUnits)
 .text._ZN3vex6deviceD2Ev
                0x038046b0        0x4 c:\Users\randy\AppData\Roaming\Code\User\globalStorage\vexrobotics.vexcode\sdk\cpp\V5\V5_20240802_15_00_00/vexv5\libv5rt.a(vex_device.cpp.obj)
                0x038046b0                vex::device::~device()
                0x038046b0                vex::device::~device()
 .text._ZN3vex6device5valueEv
                0x038046b4        0x8 c:\Users\randy\AppData\Roaming\Code\User\globalStorage\vexrobotics.vexcode\sdk\cpp\V5\V5_20240802_15_00_00/vexv5\libv5rt.a(vex_device.cpp.obj)
                0x038046b4                vex::device::value()
 .text._ZN3vex6deviceD0Ev
                0x038046bc       0x14 c:\Users\randy\AppData\Roaming\Code\User\globalStorage\vexrobotics.vexcode\sdk\cpp\V5\V5_20240802_15_00_00/vexv5\libv5rt.a(vex_device.cpp.obj)
                0x038046bc                vex::device::~device()
 .text._ZN3vex6device4initEl
                0x038046d0       0x30 c:\Users\randy\AppData\Roaming\Code\User\globalStorage\vexrobotics.vexcode\sdk\cpp\V5\V5_20240802_15_00_00/vexv5\libv5rt.a(vex_device.cpp.obj)
                0x038046d0                vex::device::init(long)
 .text._ZN3vex6deviceC2El
                0x03804700       0x20 c:\Users\randy\AppData\Roaming\Code\User\globalStorage\vexrobotics.vexcode\sdk\cpp\V5\V5_20240802_15_00_00/vexv5\libv5rt.a(vex_device.cpp.obj)
                0x03804700                vex::device::device(long)
                0x03804700                vex::device::device(long)
 .text._ZN3vex6device4typeEv
                0x03804720       0x10 c:\Users\randy\AppData\Roaming\Code\User\globalStorage\vexrobotics.vexcode\sdk\cpp\V5\V5_20240802_15_00_00/vexv5\libv5rt.a(vex_device.cpp.obj)
                0x03804720                vex::device::type()
 .text._ZN3vex6device9installedEv
                0x03804730       0x14 c:\Users\randy\AppData\Roaming\Code\User\globalStorage\vexrobotics.vexcode\sdk\cpp\V5\V5_20240802_15_00_00/vexv5\libv5rt.a(vex_device.cpp.obj)
                0x03804730                vex::device::installed()
 .text._ZN3vex5motorD2Ev
                0x03804744       0x20 c:\Users\randy\AppData\Roaming\Code\User\globalStorage\vexrobotics.vexcode\sdk\cpp\V5\V5_20240802_15_00_00/vexv5\libv5rt.a(vex_motor.cpp.obj)
                0x03804744                vex::motor::~motor()
                0x03804744                vex::motor::~motor()
 .text._ZN3vex5motorD0Ev
                0x03804764       0x1c c:\Users\randy\AppData\Roaming\Code\User\globalStorage\vexrobotics.vexcode\sdk\cpp\V5\V5_20240802_15_00_00/vexv5\libv5rt.a(vex_motor.cpp.obj)
                0x03804764                vex::motor::~motor()
 .text._ZN3vex5motor9installedEv
                0x03804780       0x18 c:\Users\randy\AppData\Roaming\Code\User\globalStorage\vexrobotics.vexcode\sdk\cpp\V5\V5_20240802_15_00_00/vexv5\libv5rt.a(vex_motor.cpp.obj)
                0x03804780                vex::motor::installed()
 .text._ZN3vex5motor15defaultStoppingENS_9brakeTypeE
                0x03804798       0x30 c:\Users\randy\AppData\Roaming\Code\User\globalStorage\vexrobotics.vexcode\sdk\cpp\V5\V5_20240802_15_00_00/vexv5\libv5rt.a(vex_motor.cpp.obj)
                0x03804798                vex::motor::defaultStopping(vex::brakeType)
 .text._ZN3vex5motorC2El
                0x038047c8       0x78 c:\Users\randy\AppData\Roaming\Code\User\globalStorage\vexrobotics.vexcode\sdk\cpp\V5\V5_20240802_15_00_00/vexv5\libv5rt.a(vex_motor.cpp.obj)
                0x038047c8                vex::motor::motor(long)
                0x038047c8                vex::motor::motor(long)
 .text._ZN3vex5motorC2ElNS_11gearSettingEb
                0x03804840       0x34 c:\Users\randy\AppData\Roaming\Code\User\globalStorage\vexrobotics.vexcode\sdk\cpp\V5\V5_20240802_15_00_00/vexv5\libv5rt.a(vex_motor.cpp.obj)
                0x03804840                vex::motor::motor(long, vex::gearSetting, bool)
                0x03804840                vex::motor::motor(long, vex::gearSetting, bool)
 *fill*         0x03804874        0x4 
 .text._ZN3vex5motor4spinENS_13directionTypeEdNS_12voltageUnitsE
                0x03804878       0x50 c:\Users\randy\AppData\Roaming\Code\User\globalStorage\vexrobotics.vexcode\sdk\cpp\V5\V5_20240802_15_00_00/vexv5\libv5rt.a(vex_motor.cpp.obj)
                0x03804878                vex::motor::spin(vex::directionType, double, vex::voltageUnits)
 .text._ZN3vex5motor14isSpinningModeEv
                0x038048c8       0x48 c:\Users\randy\AppData\Roaming\Code\User\globalStorage\vexrobotics.vexcode\sdk\cpp\V5\V5_20240802_15_00_00/vexv5\libv5rt.a(vex_motor.cpp.obj)
                0x038048c8                vex::motor::isSpinningMode()
 .text._ZN3vex5motor10isSpinningEv
                0x03804910       0x44 c:\Users\randy\AppData\Roaming\Code\User\globalStorage\vexrobotics.vexcode\sdk\cpp\V5\V5_20240802_15_00_00/vexv5\libv5rt.a(vex_motor.cpp.obj)
                0x03804910                vex::motor::isSpinning()
 .text._ZN3vex5motor4stopENS_9brakeTypeE
                0x03804954       0x30 c:\Users\randy\AppData\Roaming\Code\User\globalStorage\vexrobotics.vexcode\sdk\cpp\V5\V5_20240802_15_00_00/vexv5\libv5rt.a(vex_motor.cpp.obj)
                0x03804954                vex::motor::stop(vex::brakeType)
 .text._ZN3vex5motor4stopEv
                0x03804984        0x8 c:\Users\randy\AppData\Roaming\Code\User\globalStorage\vexrobotics.vexcode\sdk\cpp\V5\V5_20240802_15_00_00/vexv5\libv5rt.a(vex_motor.cpp.obj)
                0x03804984                vex::motor::stop()
 .text._ZN3vex5motor16velocityToScaledEdNS_13velocityUnitsE
                0x0380498c       0x5c c:\Users\randy\AppData\Roaming\Code\User\globalStorage\vexrobotics.vexcode\sdk\cpp\V5\V5_20240802_15_00_00/vexv5\libv5rt.a(vex_motor.cpp.obj)
                0x0380498c                vex::motor::velocityToScaled(double, vex::velocityUnits)
 .text._ZN3vex5motor8velocityENS_13velocityUnitsE
                0x038049e8       0x30 c:\Users\randy\AppData\Roaming\Code\User\globalStorage\vexrobotics.vexcode\sdk\cpp\V5\V5_20240802_15_00_00/vexv5\libv5rt.a(vex_motor.cpp.obj)
                0x038049e8                vex::motor::velocity(vex::velocityUnits)
 .text._ZN3vex5motor5valueEv
                0x03804a18       0x1c c:\Users\randy\AppData\Roaming\Code\User\globalStorage\vexrobotics.vexcode\sdk\cpp\V5\V5_20240802_15_00_00/vexv5\libv5rt.a(vex_motor.cpp.obj)
                0x03804a18                vex::motor::value()
 .text._ZN3vex5motor16scaledToVelocityEdNS_13velocityUnitsE
                0x03804a34       0xa4 c:\Users\randy\AppData\Roaming\Code\User\globalStorage\vexrobotics.vexcode\sdk\cpp\V5\V5_20240802_15_00_00/vexv5\libv5rt.a(vex_motor.cpp.obj)
                0x03804a34                vex::motor::scaledToVelocity(double, vex::velocityUnits)
 .text._ZN3vex5motor4spinENS_13directionTypeEdNS_13velocityUnitsE
                0x03804ad8       0x5c c:\Users\randy\AppData\Roaming\Code\User\globalStorage\vexrobotics.vexcode\sdk\cpp\V5\V5_20240802_15_00_00/vexv5\libv5rt.a(vex_motor.cpp.obj)
                0x03804ad8                vex::motor::spin(vex::directionType, double, vex::velocityUnits)
 .text._ZN3vex5motor4spinENS_13directionTypeE
                0x03804b34       0x28 c:\Users\randy\AppData\Roaming\Code\User\globalStorage\vexrobotics.vexcode\sdk\cpp\V5\V5_20240802_15_00_00/vexv5\libv5rt.a(vex_motor.cpp.obj)
                0x03804b34                vex::motor::spin(vex::directionType)
 .text._ZN3vex5motor11setVelocityEdNS_13velocityUnitsE
                0x03804b5c       0x54 c:\Users\randy\AppData\Roaming\Code\User\globalStorage\vexrobotics.vexcode\sdk\cpp\V5\V5_20240802_15_00_00/vexv5\libv5rt.a(vex_motor.cpp.obj)
                0x03804b5c                vex::motor::setVelocity(double, vex::velocityUnits)
 .text._ZN3vex5motor16setRotationUnitsENS_13rotationUnitsE
                0x03804bb0       0x1c c:\Users\randy\AppData\Roaming\Code\User\globalStorage\vexrobotics.vexcode\sdk\cpp\V5\V5_20240802_15_00_00/vexv5\libv5rt.a(vex_motor.cpp.obj)
                0x03804bb0                vex::motor::setRotationUnits(vex::rotationUnits)
 .text._ZN3vex5motor7spinForEdNS_13rotationUnitsEdNS_13velocityUnitsEb
                0x03804bcc       0xf4 c:\Users\randy\AppData\Roaming\Code\User\globalStorage\vexrobotics.vexcode\sdk\cpp\V5\V5_20240802_15_00_00/vexv5\libv5rt.a(vex_motor.cpp.obj)
                0x03804bcc                vex::motor::spinFor(double, vex::rotationUnits, double, vex::velocityUnits, bool)
 .text._ZN3vex5motor7spinForENS_13directionTypeEdNS_13rotationUnitsEdNS_13velocityUnitsEb
                0x03804cc0       0x34 c:\Users\randy\AppData\Roaming\Code\User\globalStorage\vexrobotics.vexcode\sdk\cpp\V5\V5_20240802_15_00_00/vexv5\libv5rt.a(vex_motor.cpp.obj)
                0x03804cc0                vex::motor::spinFor(vex::directionType, double, vex::rotationUnits, double, vex::velocityUnits, bool)
 .text._ZN3vex5motor7spinForENS_13directionTypeEdNS_13rotationUnitsEb
                0x03804cf4       0x3c c:\Users\randy\AppData\Roaming\Code\User\globalStorage\vexrobotics.vexcode\sdk\cpp\V5\V5_20240802_15_00_00/vexv5\libv5rt.a(vex_motor.cpp.obj)
                0x03804cf4                vex::motor::spinFor(vex::directionType, double, vex::rotationUnits, bool)
 .text._ZN3vex8inertial11getTurnTypeEv
                0x03804d30        0x8 c:\Users\randy\AppData\Roaming\Code\User\globalStorage\vexrobotics.vexcode\sdk\cpp\V5\V5_20240802_15_00_00/vexv5\libv5rt.a(vex_imu.cpp.obj)
                0x03804d30                vex::inertial::getTurnType()
 .text._ZThn16_N3vex8inertial11getTurnTypeEv
                0x03804d38        0x8 c:\Users\randy\AppData\Roaming\Code\User\globalStorage\vexrobotics.vexcode\sdk\cpp\V5\V5_20240802_15_00_00/vexv5\libv5rt.a(vex_imu.cpp.obj)
                0x03804d38                non-virtual thunk to vex::inertial::getTurnType()
 .text._ZN3vex8inertial10setHeadingEdNS_13rotationUnitsE
                0x03804d40       0x58 c:\Users\randy\AppData\Roaming\Code\User\globalStorage\vexrobotics.vexcode\sdk\cpp\V5\V5_20240802_15_00_00/vexv5\libv5rt.a(vex_imu.cpp.obj)
                0x03804d40                vex::inertial::setHeading(double, vex::rotationUnits)
 .text._ZThn16_N3vex8inertial10setHeadingEdNS_13rotationUnitsE
                0x03804d98        0x8 c:\Users\randy\AppData\Roaming\Code\User\globalStorage\vexrobotics.vexcode\sdk\cpp\V5\V5_20240802_15_00_00/vexv5\libv5rt.a(vex_imu.cpp.obj)
                0x03804d98                non-virtual thunk to vex::inertial::setHeading(double, vex::rotationUnits)
 .text._ZN3vex8inertial11setRotationEdNS_13rotationUnitsE
                0x03804da0       0x58 c:\Users\randy\AppData\Roaming\Code\User\globalStorage\vexrobotics.vexcode\sdk\cpp\V5\V5_20240802_15_00_00/vexv5\libv5rt.a(vex_imu.cpp.obj)
                0x03804da0                vex::inertial::setRotation(double, vex::rotationUnits)
 .text._ZThn16_N3vex8inertial11setRotationEdNS_13rotationUnitsE
                0x03804df8        0x8 c:\Users\randy\AppData\Roaming\Code\User\globalStorage\vexrobotics.vexcode\sdk\cpp\V5\V5_20240802_15_00_00/vexv5\libv5rt.a(vex_imu.cpp.obj)
                0x03804df8                non-virtual thunk to vex::inertial::setRotation(double, vex::rotationUnits)
 .text._ZN3vex8inertialD2Ev
                0x03804e00       0x20 c:\Users\randy\AppData\Roaming\Code\User\globalStorage\vexrobotics.vexcode\sdk\cpp\V5\V5_20240802_15_00_00/vexv5\libv5rt.a(vex_imu.cpp.obj)
                0x03804e00                vex::inertial::~inertial()
                0x03804e00                vex::inertial::~inertial()
 .text._ZThn16_N3vex8inertialD1Ev
                0x03804e20        0x8 c:\Users\randy\AppData\Roaming\Code\User\globalStorage\vexrobotics.vexcode\sdk\cpp\V5\V5_20240802_15_00_00/vexv5\libv5rt.a(vex_imu.cpp.obj)
                0x03804e20                non-virtual thunk to vex::inertial::~inertial()
 .text._ZN3vex8inertialD0Ev
                0x03804e28       0x1c c:\Users\randy\AppData\Roaming\Code\User\globalStorage\vexrobotics.vexcode\sdk\cpp\V5\V5_20240802_15_00_00/vexv5\libv5rt.a(vex_imu.cpp.obj)
                0x03804e28                vex::inertial::~inertial()
 .text._ZThn16_N3vex8inertialD0Ev
                0x03804e44        0x8 c:\Users\randy\AppData\Roaming\Code\User\globalStorage\vexrobotics.vexcode\sdk\cpp\V5\V5_20240802_15_00_00/vexv5\libv5rt.a(vex_imu.cpp.obj)
                0x03804e44                non-virtual thunk to vex::inertial::~inertial()
 .text._ZN3vex8inertial9installedEv
                0x03804e4c       0x18 c:\Users\randy\AppData\Roaming\Code\User\globalStorage\vexrobotics.vexcode\sdk\cpp\V5\V5_20240802_15_00_00/vexv5\libv5rt.a(vex_imu.cpp.obj)
                0x03804e4c                vex::inertial::installed()
 .text._ZN3vex8inertial5angleENS_13rotationUnitsE
                0x03804e64       0x6c c:\Users\randy\AppData\Roaming\Code\User\globalStorage\vexrobotics.vexcode\sdk\cpp\V5\V5_20240802_15_00_00/vexv5\libv5rt.a(vex_imu.cpp.obj)
                0x03804e64                vex::inertial::angle(vex::rotationUnits)
 .text._ZThn16_N3vex8inertial5angleENS_13rotationUnitsE
                0x03804ed0        0x8 c:\Users\randy\AppData\Roaming\Code\User\globalStorage\vexrobotics.vexcode\sdk\cpp\V5\V5_20240802_15_00_00/vexv5\libv5rt.a(vex_imu.cpp.obj)
                0x03804ed0                non-virtual thunk to vex::inertial::angle(vex::rotationUnits)
 .text._ZN3vex8inertial7headingENS_13rotationUnitsE
                0x03804ed8        0x4 c:\Users\randy\AppData\Roaming\Code\User\globalStorage\vexrobotics.vexcode\sdk\cpp\V5\V5_20240802_15_00_00/vexv5\libv5rt.a(vex_imu.cpp.obj)
                0x03804ed8                vex::inertial::heading(vex::rotationUnits)
 .text._ZThn16_N3vex8inertial7headingENS_13rotationUnitsE
                0x03804edc        0x8 c:\Users\randy\AppData\Roaming\Code\User\globalStorage\vexrobotics.vexcode\sdk\cpp\V5\V5_20240802_15_00_00/vexv5\libv5rt.a(vex_imu.cpp.obj)
                0x03804edc                non-virtual thunk to vex::inertial::heading(vex::rotationUnits)
 .text._ZN3vex8inertial5valueEv
                0x03804ee4       0x1c c:\Users\randy\AppData\Roaming\Code\User\globalStorage\vexrobotics.vexcode\sdk\cpp\V5\V5_20240802_15_00_00/vexv5\libv5rt.a(vex_imu.cpp.obj)
                0x03804ee4                vex::inertial::value()
 .text._ZN3vex8inertial8rotationENS_13rotationUnitsE
                0x03804f00       0x48 c:\Users\randy\AppData\Roaming\Code\User\globalStorage\vexrobotics.vexcode\sdk\cpp\V5\V5_20240802_15_00_00/vexv5\libv5rt.a(vex_imu.cpp.obj)
                0x03804f00                vex::inertial::rotation(vex::rotationUnits)
 .text._ZThn16_N3vex8inertial8rotationENS_13rotationUnitsE
                0x03804f48        0x8 c:\Users\randy\AppData\Roaming\Code\User\globalStorage\vexrobotics.vexcode\sdk\cpp\V5\V5_20240802_15_00_00/vexv5\libv5rt.a(vex_imu.cpp.obj)
                0x03804f48                non-virtual thunk to vex::inertial::rotation(vex::rotationUnits)
 .text._ZN3vex8inertial13isCalibratingEv
                0x03804f50       0x38 c:\Users\randy\AppData\Roaming\Code\User\globalStorage\vexrobotics.vexcode\sdk\cpp\V5\V5_20240802_15_00_00/vexv5\libv5rt.a(vex_imu.cpp.obj)
                0x03804f50                vex::inertial::isCalibrating()
 .text._ZThn16_N3vex8inertial13isCalibratingEv
                0x03804f88        0x8 c:\Users\randy\AppData\Roaming\Code\User\globalStorage\vexrobotics.vexcode\sdk\cpp\V5\V5_20240802_15_00_00/vexv5\libv5rt.a(vex_imu.cpp.obj)
                0x03804f88                non-virtual thunk to vex::inertial::isCalibrating()
 .text._ZN3vex8inertialC2ElNS_8turnTypeE
                0x03804f90       0x4c c:\Users\randy\AppData\Roaming\Code\User\globalStorage\vexrobotics.vexcode\sdk\cpp\V5\V5_20240802_15_00_00/vexv5\libv5rt.a(vex_imu.cpp.obj)
                0x03804f90                vex::inertial::inertial(long, vex::turnType)
                0x03804f90                vex::inertial::inertial(long, vex::turnType)
 .text._ZN3vex8inertial16startCalibrationEl
                0x03804fdc       0x20 c:\Users\randy\AppData\Roaming\Code\User\globalStorage\vexrobotics.vexcode\sdk\cpp\V5\V5_20240802_15_00_00/vexv5\libv5rt.a(vex_imu.cpp.obj)
                0x03804fdc                vex::inertial::startCalibration(long)
 .text._ZN3vex8inertial9calibrateEl
                0x03804ffc        0xc c:\Users\randy\AppData\Roaming\Code\User\globalStorage\vexrobotics.vexcode\sdk\cpp\V5\V5_20240802_15_00_00/vexv5\libv5rt.a(vex_imu.cpp.obj)
                0x03804ffc                vex::inertial::calibrate(long)
                0x03805000                non-virtual thunk to vex::inertial::calibrate(long)
 .text._ZN3vex3gps11getTurnTypeEv
                0x03805008        0x8 c:\Users\randy\AppData\Roaming\Code\User\globalStorage\vexrobotics.vexcode\sdk\cpp\V5\V5_20240802_15_00_00/vexv5\libv5rt.a(vex_gps.cpp.obj)
                0x03805008                vex::gps::getTurnType()
 .text._ZThn16_N3vex3gps11getTurnTypeEv
                0x03805010        0x8 c:\Users\randy\AppData\Roaming\Code\User\globalStorage\vexrobotics.vexcode\sdk\cpp\V5\V5_20240802_15_00_00/vexv5\libv5rt.a(vex_gps.cpp.obj)
                0x03805010                non-virtual thunk to vex::gps::getTurnType()
 .text._ZN3vex3gps10setHeadingEdNS_13rotationUnitsE
                0x03805018       0x58 c:\Users\randy\AppData\Roaming\Code\User\globalStorage\vexrobotics.vexcode\sdk\cpp\V5\V5_20240802_15_00_00/vexv5\libv5rt.a(vex_gps.cpp.obj)
                0x03805018                vex::gps::setHeading(double, vex::rotationUnits)
 .text._ZThn16_N3vex3gps10setHeadingEdNS_13rotationUnitsE
                0x03805070        0x8 c:\Users\randy\AppData\Roaming\Code\User\globalStorage\vexrobotics.vexcode\sdk\cpp\V5\V5_20240802_15_00_00/vexv5\libv5rt.a(vex_gps.cpp.obj)
                0x03805070                non-virtual thunk to vex::gps::setHeading(double, vex::rotationUnits)
 .text._ZN3vex3gps11setRotationEdNS_13rotationUnitsE
                0x03805078       0x58 c:\Users\randy\AppData\Roaming\Code\User\globalStorage\vexrobotics.vexcode\sdk\cpp\V5\V5_20240802_15_00_00/vexv5\libv5rt.a(vex_gps.cpp.obj)
                0x03805078                vex::gps::setRotation(double, vex::rotationUnits)
 .text._ZThn16_N3vex3gps11setRotationEdNS_13rotationUnitsE
                0x038050d0        0x8 c:\Users\randy\AppData\Roaming\Code\User\globalStorage\vexrobotics.vexcode\sdk\cpp\V5\V5_20240802_15_00_00/vexv5\libv5rt.a(vex_gps.cpp.obj)
                0x038050d0                non-virtual thunk to vex::gps::setRotation(double, vex::rotationUnits)
 .text._ZN3vex3gpsD2Ev
                0x038050d8       0x20 c:\Users\randy\AppData\Roaming\Code\User\globalStorage\vexrobotics.vexcode\sdk\cpp\V5\V5_20240802_15_00_00/vexv5\libv5rt.a(vex_gps.cpp.obj)
                0x038050d8                vex::gps::~gps()
                0x038050d8                vex::gps::~gps()
 .text._ZThn16_N3vex3gpsD1Ev
                0x038050f8        0x8 c:\Users\randy\AppData\Roaming\Code\User\globalStorage\vexrobotics.vexcode\sdk\cpp\V5\V5_20240802_15_00_00/vexv5\libv5rt.a(vex_gps.cpp.obj)
                0x038050f8                non-virtual thunk to vex::gps::~gps()
 .text._ZN3vex3gpsD0Ev
                0x03805100       0x1c c:\Users\randy\AppData\Roaming\Code\User\globalStorage\vexrobotics.vexcode\sdk\cpp\V5\V5_20240802_15_00_00/vexv5\libv5rt.a(vex_gps.cpp.obj)
                0x03805100                vex::gps::~gps()
 .text._ZThn16_N3vex3gpsD0Ev
                0x0380511c        0x8 c:\Users\randy\AppData\Roaming\Code\User\globalStorage\vexrobotics.vexcode\sdk\cpp\V5\V5_20240802_15_00_00/vexv5\libv5rt.a(vex_gps.cpp.obj)
                0x0380511c                non-virtual thunk to vex::gps::~gps()
 .text._ZN3vex3gps9installedEv
                0x03805124       0x18 c:\Users\randy\AppData\Roaming\Code\User\globalStorage\vexrobotics.vexcode\sdk\cpp\V5\V5_20240802_15_00_00/vexv5\libv5rt.a(vex_gps.cpp.obj)
                0x03805124                vex::gps::installed()
 .text._ZN3vex3gps5angleENS_13rotationUnitsE
                0x0380513c       0x84 c:\Users\randy\AppData\Roaming\Code\User\globalStorage\vexrobotics.vexcode\sdk\cpp\V5\V5_20240802_15_00_00/vexv5\libv5rt.a(vex_gps.cpp.obj)
                0x0380513c                vex::gps::angle(vex::rotationUnits)
 .text._ZThn16_N3vex3gps5angleENS_13rotationUnitsE
                0x038051c0        0x8 c:\Users\randy\AppData\Roaming\Code\User\globalStorage\vexrobotics.vexcode\sdk\cpp\V5\V5_20240802_15_00_00/vexv5\libv5rt.a(vex_gps.cpp.obj)
                0x038051c0                non-virtual thunk to vex::gps::angle(vex::rotationUnits)
 .text._ZN3vex3gps7headingENS_13rotationUnitsE
                0x038051c8        0x4 c:\Users\randy\AppData\Roaming\Code\User\globalStorage\vexrobotics.vexcode\sdk\cpp\V5\V5_20240802_15_00_00/vexv5\libv5rt.a(vex_gps.cpp.obj)
                0x038051c8                vex::gps::heading(vex::rotationUnits)
 .text._ZThn16_N3vex3gps7headingENS_13rotationUnitsE
                0x038051cc        0x8 c:\Users\randy\AppData\Roaming\Code\User\globalStorage\vexrobotics.vexcode\sdk\cpp\V5\V5_20240802_15_00_00/vexv5\libv5rt.a(vex_gps.cpp.obj)
                0x038051cc                non-virtual thunk to vex::gps::heading(vex::rotationUnits)
 .text._ZN3vex3gps5valueEv
                0x038051d4       0x1c c:\Users\randy\AppData\Roaming\Code\User\globalStorage\vexrobotics.vexcode\sdk\cpp\V5\V5_20240802_15_00_00/vexv5\libv5rt.a(vex_gps.cpp.obj)
                0x038051d4                vex::gps::value()
 .text._ZN3vex3gps8rotationENS_13rotationUnitsE
                0x038051f0       0x60 c:\Users\randy\AppData\Roaming\Code\User\globalStorage\vexrobotics.vexcode\sdk\cpp\V5\V5_20240802_15_00_00/vexv5\libv5rt.a(vex_gps.cpp.obj)
                0x038051f0                vex::gps::rotation(vex::rotationUnits)
 .text._ZThn16_N3vex3gps8rotationENS_13rotationUnitsE
                0x03805250        0x8 c:\Users\randy\AppData\Roaming\Code\User\globalStorage\vexrobotics.vexcode\sdk\cpp\V5\V5_20240802_15_00_00/vexv5\libv5rt.a(vex_gps.cpp.obj)
                0x03805250                non-virtual thunk to vex::gps::rotation(vex::rotationUnits)
 .text._ZN3vex3gps13isCalibratingEv
                0x03805258       0x38 c:\Users\randy\AppData\Roaming\Code\User\globalStorage\vexrobotics.vexcode\sdk\cpp\V5\V5_20240802_15_00_00/vexv5\libv5rt.a(vex_gps.cpp.obj)
                0x03805258                vex::gps::isCalibrating()
 .text._ZThn16_N3vex3gps13isCalibratingEv
                0x03805290        0x8 c:\Users\randy\AppData\Roaming\Code\User\globalStorage\vexrobotics.vexcode\sdk\cpp\V5\V5_20240802_15_00_00/vexv5\libv5rt.a(vex_gps.cpp.obj)
                0x03805290                non-virtual thunk to vex::gps::isCalibrating()
 .text._ZN3vex3gps17setSensorRotationEd
                0x03805298        0x8 c:\Users\randy\AppData\Roaming\Code\User\globalStorage\vexrobotics.vexcode\sdk\cpp\V5\V5_20240802_15_00_00/vexv5\libv5rt.a(vex_gps.cpp.obj)
                0x03805298                vex::gps::setSensorRotation(double)
 .text._ZN3vex3gpsC2EldNS_8turnTypeE
                0x038052a0       0x74 c:\Users\randy\AppData\Roaming\Code\User\globalStorage\vexrobotics.vexcode\sdk\cpp\V5\V5_20240802_15_00_00/vexv5\libv5rt.a(vex_gps.cpp.obj)
                0x038052a0                vex::gps::gps(long, double, vex::turnType)
                0x038052a0                vex::gps::gps(long, double, vex::turnType)
 *fill*         0x03805314        0x4 
 .text._ZN3vex3gps9setOriginEddNS_13distanceUnitsE
                0x03805318       0x68 c:\Users\randy\AppData\Roaming\Code\User\globalStorage\vexrobotics.vexcode\sdk\cpp\V5\V5_20240802_15_00_00/vexv5\libv5rt.a(vex_gps.cpp.obj)
                0x03805318                vex::gps::setOrigin(double, double, vex::distanceUnits)
 .text._ZN3vex3gpsC2ElddNS_13distanceUnitsEdNS_8turnTypeE
                0x03805380       0x4c c:\Users\randy\AppData\Roaming\Code\User\globalStorage\vexrobotics.vexcode\sdk\cpp\V5\V5_20240802_15_00_00/vexv5\libv5rt.a(vex_gps.cpp.obj)
                0x03805380                vex::gps::gps(long, double, double, vex::distanceUnits, double, vex::turnType)
                0x03805380                vex::gps::gps(long, double, double, vex::distanceUnits, double, vex::turnType)
 *fill*         0x038053cc        0x4 
 .text._ZN3vex3gps9xPositionENS_13distanceUnitsE
                0x038053d0       0x70 c:\Users\randy\AppData\Roaming\Code\User\globalStorage\vexrobotics.vexcode\sdk\cpp\V5\V5_20240802_15_00_00/vexv5\libv5rt.a(vex_gps.cpp.obj)
                0x038053d0                vex::gps::xPosition(vex::distanceUnits)
 .text._ZN3vex3gps9yPositionENS_13distanceUnitsE
                0x03805440       0x70 c:\Users\randy\AppData\Roaming\Code\User\globalStorage\vexrobotics.vexcode\sdk\cpp\V5\V5_20240802_15_00_00/vexv5\libv5rt.a(vex_gps.cpp.obj)
                0x03805440                vex::gps::yPosition(vex::distanceUnits)
 .text._ZN3vex3gps16startCalibrationEl
                0x038054b0       0x48 c:\Users\randy\AppData\Roaming\Code\User\globalStorage\vexrobotics.vexcode\sdk\cpp\V5\V5_20240802_15_00_00/vexv5\libv5rt.a(vex_gps.cpp.obj)
                0x038054b0                vex::gps::startCalibration(long)
 .text._ZN3vex3gps9calibrateEl
                0x038054f8        0xc c:\Users\randy\AppData\Roaming\Code\User\globalStorage\vexrobotics.vexcode\sdk\cpp\V5\V5_20240802_15_00_00/vexv5\libv5rt.a(vex_gps.cpp.obj)
                0x038054f8                vex::gps::calibrate(long)
                0x038054fc                non-virtual thunk to vex::gps::calibrate(long)
 .text._ZN3vex10controllerD2Ev
                0x03805504        0x4 c:\Users\randy\AppData\Roaming\Code\User\globalStorage\vexrobotics.vexcode\sdk\cpp\V5\V5_20240802_15_00_00/vexv5\libv5rt.a(vex_controller.cpp.obj)
                0x03805504                vex::controller::~controller()
                0x03805504                vex::controller::~controller()
 .text._ZN3vex10controller5valueE19_V5_ControllerIndex
                0x03805508        0x8 c:\Users\randy\AppData\Roaming\Code\User\globalStorage\vexrobotics.vexcode\sdk\cpp\V5\V5_20240802_15_00_00/vexv5\libv5rt.a(vex_controller.cpp.obj)
                0x03805508                vex::controller::value(_V5_ControllerIndex)
 .text._ZNK3vex10controller6button7pressedEPFvvE
                0x03805510      0x108 c:\Users\randy\AppData\Roaming\Code\User\globalStorage\vexrobotics.vexcode\sdk\cpp\V5\V5_20240802_15_00_00/vexv5\libv5rt.a(vex_controller.cpp.obj)
                0x03805510                vex::controller::button::pressed(void (*)()) const
 .text._ZNK3vex10controller6button21_buttonToPressedEventEv
                0x03805618       0x20 c:\Users\randy\AppData\Roaming\Code\User\globalStorage\vexrobotics.vexcode\sdk\cpp\V5\V5_20240802_15_00_00/vexv5\libv5rt.a(vex_controller.cpp.obj)
                0x03805618                vex::controller::button::_buttonToPressedEvent() const
 .text._ZNK3vex10controller6button22_buttonToReleasedEventEv
                0x03805638       0x20 c:\Users\randy\AppData\Roaming\Code\User\globalStorage\vexrobotics.vexcode\sdk\cpp\V5\V5_20240802_15_00_00/vexv5\libv5rt.a(vex_controller.cpp.obj)
                0x03805638                vex::controller::button::_buttonToReleasedEvent() const
 .text._ZN3vex10controller6buttonC2ENS0_11tButtonTypeEPS0_
                0x03805658       0x48 c:\Users\randy\AppData\Roaming\Code\User\globalStorage\vexrobotics.vexcode\sdk\cpp\V5\V5_20240802_15_00_00/vexv5\libv5rt.a(vex_controller.cpp.obj)
                0x03805658                vex::controller::button::button(vex::controller::tButtonType, vex::controller*)
                0x03805658                vex::controller::button::button(vex::controller::tButtonType, vex::controller*)
 .text._ZNK3vex10controller4axis5valueEv
                0x038056a0       0x58 c:\Users\randy\AppData\Roaming\Code\User\globalStorage\vexrobotics.vexcode\sdk\cpp\V5\V5_20240802_15_00_00/vexv5\libv5rt.a(vex_controller.cpp.obj)
                0x038056a0                vex::controller::axis::value() const
 .text._ZNK3vex10controller4axis8positionENS_12percentUnitsE
                0x038056f8       0x1c c:\Users\randy\AppData\Roaming\Code\User\globalStorage\vexrobotics.vexcode\sdk\cpp\V5\V5_20240802_15_00_00/vexv5\libv5rt.a(vex_controller.cpp.obj)
                0x038056f8                vex::controller::axis::position(vex::percentUnits) const
 .text._ZNK3vex10controller4axis23_joystickToChangedEventEv
                0x03805714       0x20 c:\Users\randy\AppData\Roaming\Code\User\globalStorage\vexrobotics.vexcode\sdk\cpp\V5\V5_20240802_15_00_00/vexv5\libv5rt.a(vex_controller.cpp.obj)
                0x03805714                vex::controller::axis::_joystickToChangedEvent() const
 .text._ZN3vex10controller4axisC2ENS0_9tAxisTypeEPS0_
                0x03805734       0x2c c:\Users\randy\AppData\Roaming\Code\User\globalStorage\vexrobotics.vexcode\sdk\cpp\V5\V5_20240802_15_00_00/vexv5\libv5rt.a(vex_controller.cpp.obj)
                0x03805734                vex::controller::axis::axis(vex::controller::tAxisType, vex::controller*)
                0x03805734                vex::controller::axis::axis(vex::controller::tAxisType, vex::controller*)
 .text._ZN3vex10controllerC2ENS_14controllerTypeE
                0x03805760      0x16c c:\Users\randy\AppData\Roaming\Code\User\globalStorage\vexrobotics.vexcode\sdk\cpp\V5\V5_20240802_15_00_00/vexv5\libv5rt.a(vex_controller.cpp.obj)
                0x03805760                vex::controller::controller(vex::controllerType)
                0x03805760                vex::controller::controller(vex::controllerType)
 .text._ZN3vex4taskC2EPFivE
                0x038058cc       0x5c c:\Users\randy\AppData\Roaming\Code\User\globalStorage\vexrobotics.vexcode\sdk\cpp\V5\V5_20240802_15_00_00/vexv5\libv5rt.a(vex_task.cpp.obj)
                0x038058cc                vex::task::task(int (*)())
                0x038058cc                vex::task::task(int (*)())
 .text._ZN3vex4taskD2Ev
                0x03805928        0x4 c:\Users\randy\AppData\Roaming\Code\User\globalStorage\vexrobotics.vexcode\sdk\cpp\V5\V5_20240802_15_00_00/vexv5\libv5rt.a(vex_task.cpp.obj)
                0x03805928                vex::task::~task()
                0x03805928                vex::task::~task()
 .text._ZN3vex4task4stopEPvi
                0x0380592c       0x1c c:\Users\randy\AppData\Roaming\Code\User\globalStorage\vexrobotics.vexcode\sdk\cpp\V5\V5_20240802_15_00_00/vexv5\libv5rt.a(vex_task.cpp.obj)
                0x0380592c                vex::task::stop(void*, int)
 .text._ZN3vex4task5sleepEm
                0x03805948        0x4 c:\Users\randy\AppData\Roaming\Code\User\globalStorage\vexrobotics.vexcode\sdk\cpp\V5\V5_20240802_15_00_00/vexv5\libv5rt.a(vex_task.cpp.obj)
                0x03805948                vex::task::sleep(unsigned long)
 .text._ZN3vex4task5yieldEv
                0x0380594c        0x4 c:\Users\randy\AppData\Roaming\Code\User\globalStorage\vexrobotics.vexcode\sdk\cpp\V5\V5_20240802_15_00_00/vexv5\libv5rt.a(vex_task.cpp.obj)
                0x0380594c                vex::task::yield()
 .text._ZN3vex4task6_indexEPFivE
                0x03805950       0x14 c:\Users\randy\AppData\Roaming\Code\User\globalStorage\vexrobotics.vexcode\sdk\cpp\V5\V5_20240802_15_00_00/vexv5\libv5rt.a(vex_task.cpp.obj)
                0x03805950                vex::task::_index(int (*)())
 .text._ZN3vex4task8_stopAllEv
                0x03805964       0x3c c:\Users\randy\AppData\Roaming\Code\User\globalStorage\vexrobotics.vexcode\sdk\cpp\V5\V5_20240802_15_00_00/vexv5\libv5rt.a(vex_task.cpp.obj)
                0x03805964                vex::task::_stopAll()
 .text._ZN3vex6threadC2EPFivE
                0x038059a0       0x5c c:\Users\randy\AppData\Roaming\Code\User\globalStorage\vexrobotics.vexcode\sdk\cpp\V5\V5_20240802_15_00_00/vexv5\libv5rt.a(vex_thread.cpp.obj)
                0x038059a0                vex::thread::thread(int (*)())
                0x038059a0                vex::thread::thread(int (*)())
 .text._ZN3vex6threadC2EPFiPvES1_
                0x038059fc       0x5c c:\Users\randy\AppData\Roaming\Code\User\globalStorage\vexrobotics.vexcode\sdk\cpp\V5\V5_20240802_15_00_00/vexv5\libv5rt.a(vex_thread.cpp.obj)
                0x038059fc                vex::thread::thread(int (*)(void*), void*)
                0x038059fc                vex::thread::thread(int (*)(void*), void*)
 .text._ZN3vex6threadD2Ev
                0x03805a58        0x4 c:\Users\randy\AppData\Roaming\Code\User\globalStorage\vexrobotics.vexcode\sdk\cpp\V5\V5_20240802_15_00_00/vexv5\libv5rt.a(vex_thread.cpp.obj)
                0x03805a58                vex::thread::~thread()
                0x03805a58                vex::thread::~thread()
 .text._ZN3vex11this_thread5yieldEv
                0x03805a5c        0x4 c:\Users\randy\AppData\Roaming\Code\User\globalStorage\vexrobotics.vexcode\sdk\cpp\V5\V5_20240802_15_00_00/vexv5\libv5rt.a(vex_thread.cpp.obj)
                0x03805a5c                vex::this_thread::yield()
 .text._ZN3vex11this_thread9sleep_forEm
                0x03805a60        0x4 c:\Users\randy\AppData\Roaming\Code\User\globalStorage\vexrobotics.vexcode\sdk\cpp\V5\V5_20240802_15_00_00/vexv5\libv5rt.a(vex_thread.cpp.obj)
                0x03805a60                vex::this_thread::sleep_for(unsigned long)
 .text._ZN3vex5mutexC2Ev
                0x03805a64       0x1c c:\Users\randy\AppData\Roaming\Code\User\globalStorage\vexrobotics.vexcode\sdk\cpp\V5\V5_20240802_15_00_00/vexv5\libv5rt.a(vex_thread.cpp.obj)
                0x03805a64                vex::mutex::mutex()
                0x03805a64                vex::mutex::mutex()
 .text._ZN3vex5mutexD2Ev
                0x03805a80        0x4 c:\Users\randy\AppData\Roaming\Code\User\globalStorage\vexrobotics.vexcode\sdk\cpp\V5\V5_20240802_15_00_00/vexv5\libv5rt.a(vex_thread.cpp.obj)
                0x03805a80                vex::mutex::~mutex()
                0x03805a80                vex::mutex::~mutex()
 .text._ZN3vex5mutex4lockEv
                0x03805a84        0x8 c:\Users\randy\AppData\Roaming\Code\User\globalStorage\vexrobotics.vexcode\sdk\cpp\V5\V5_20240802_15_00_00/vexv5\libv5rt.a(vex_thread.cpp.obj)
                0x03805a84                vex::mutex::lock()
 .text._ZN3vex5mutex6unlockEv
                0x03805a8c        0x4 c:\Users\randy\AppData\Roaming\Code\User\globalStorage\vexrobotics.vexcode\sdk\cpp\V5\V5_20240802_15_00_00/vexv5\libv5rt.a(vex_thread.cpp.obj)
                0x03805a8c                vex::mutex::unlock()
 .text._ZN3vex5event4initEmmPFvvE
                0x03805a90        0x4 c:\Users\randy\AppData\Roaming\Code\User\globalStorage\vexrobotics.vexcode\sdk\cpp\V5\V5_20240802_15_00_00/vexv5\libv5rt.a(vex_event.cpp.obj)
                0x03805a90                vex::event::init(unsigned long, unsigned long, void (*)())
 .text._ZN3vex5event4initEmmPFvPvES1_
                0x03805a94        0x4 c:\Users\randy\AppData\Roaming\Code\User\globalStorage\vexrobotics.vexcode\sdk\cpp\V5\V5_20240802_15_00_00/vexv5\libv5rt.a(vex_event.cpp.obj)
                0x03805a94                vex::event::init(unsigned long, unsigned long, void (*)(void*), void*)
 .text._ZN3vex5event9userindexEv
                0x03805a98        0x4 c:\Users\randy\AppData\Roaming\Code\User\globalStorage\vexrobotics.vexcode\sdk\cpp\V5\V5_20240802_15_00_00/vexv5\libv5rt.a(vex_event.cpp.obj)
                0x03805a98                vex::event::userindex()
 .text._ZZN3vex6meventC4EmmENUlvE_4_FUNEv
                0x03805a9c        0x4 c:\Users\randy\AppData\Roaming\Code\User\globalStorage\vexrobotics.vexcode\sdk\cpp\V5\V5_20240802_15_00_00/vexv5\libv5rt.a(vex_mevent.cpp.obj)
 .text._ZN3vex6meventC2Emm
                0x03805aa0       0x70 c:\Users\randy\AppData\Roaming\Code\User\globalStorage\vexrobotics.vexcode\sdk\cpp\V5\V5_20240802_15_00_00/vexv5\libv5rt.a(vex_mevent.cpp.obj)
                0x03805aa0                vex::mevent::mevent(unsigned long, unsigned long)
                0x03805aa0                vex::mevent::mevent(unsigned long, unsigned long)
 .text._ZN3vex5brain9_getIndexEv
                0x03805b10       0x10 c:\Users\randy\AppData\Roaming\Code\User\globalStorage\vexrobotics.vexcode\sdk\cpp\V5\V5_20240802_15_00_00/vexv5\libv5rt.a(vex_brain.cpp.obj)
                0x03805b10                vex::brain::_getIndex()
 .text._ZN3vex5brain3lcd9setCursorEll
                0x03805b20       0x44 c:\Users\randy\AppData\Roaming\Code\User\globalStorage\vexrobotics.vexcode\sdk\cpp\V5\V5_20240802_15_00_00/vexv5\libv5rt.a(vex_brain.cpp.obj)
                0x03805b20                vex::brain::lcd::setCursor(long, long)
 .text._ZN3vex5brain3lcd7setFontENS_8fontTypeE
                0x03805b64      0x23c c:\Users\randy\AppData\Roaming\Code\User\globalStorage\vexrobotics.vexcode\sdk\cpp\V5\V5_20240802_15_00_00/vexv5\libv5rt.a(vex_brain.cpp.obj)
                0x03805b64                vex::brain::lcd::setFont(vex::fontType)
 .text._ZN3vex5brain3lcdC2Ev
                0x03805da0       0x94 c:\Users\randy\AppData\Roaming\Code\User\globalStorage\vexrobotics.vexcode\sdk\cpp\V5\V5_20240802_15_00_00/vexv5\libv5rt.a(vex_brain.cpp.obj)
                0x03805da0                vex::brain::lcd::lcd()
                0x03805da0                vex::brain::lcd::lcd()
 .text._ZN3vex5brainC2Ev
                0x03805e34       0x3c c:\Users\randy\AppData\Roaming\Code\User\globalStorage\vexrobotics.vexcode\sdk\cpp\V5\V5_20240802_15_00_00/vexv5\libv5rt.a(vex_brain.cpp.obj)
                0x03805e34                vex::brain::brain()
                0x03805e34                vex::brain::brain()
 .text._ZN3vex5brain3lcd11setPenColorERKNS_5colorE
                0x03805e70       0x14 c:\Users\randy\AppData\Roaming\Code\User\globalStorage\vexrobotics.vexcode\sdk\cpp\V5\V5_20240802_15_00_00/vexv5\libv5rt.a(vex_brain.cpp.obj)
                0x03805e70                vex::brain::lcd::setPenColor(vex::color const&)
 .text._ZN3vex5brain3lcd12setFillColorERKNS_5colorE
                0x03805e84       0x38 c:\Users\randy\AppData\Roaming\Code\User\globalStorage\vexrobotics.vexcode\sdk\cpp\V5\V5_20240802_15_00_00/vexv5\libv5rt.a(vex_brain.cpp.obj)
                0x03805e84                vex::brain::lcd::setFillColor(vex::color const&)
 .text._ZN3vex5brain3lcd7printAtEllPKcz
                0x03805ebc       0x54 c:\Users\randy\AppData\Roaming\Code\User\globalStorage\vexrobotics.vexcode\sdk\cpp\V5\V5_20240802_15_00_00/vexv5\libv5rt.a(vex_brain.cpp.obj)
                0x03805ebc                vex::brain::lcd::printAt(long, long, char const*, ...)
 .text._ZN3vex5brain3lcd12_clearScreenEm
                0x03805f10       0x38 c:\Users\randy\AppData\Roaming\Code\User\globalStorage\vexrobotics.vexcode\sdk\cpp\V5\V5_20240802_15_00_00/vexv5\libv5rt.a(vex_brain.cpp.obj)
                0x03805f10                vex::brain::lcd::_clearScreen(unsigned long)
 .text._ZN3vex5brain3lcd11clearScreenERKNS_5colorE
                0x03805f48       0x20 c:\Users\randy\AppData\Roaming\Code\User\globalStorage\vexrobotics.vexcode\sdk\cpp\V5\V5_20240802_15_00_00/vexv5\libv5rt.a(vex_brain.cpp.obj)
                0x03805f48                vex::brain::lcd::clearScreen(vex::color const&)
 .text._ZN3vex5brain3lcd11clearScreenEv
                0x03805f68       0x2c c:\Users\randy\AppData\Roaming\Code\User\globalStorage\vexrobotics.vexcode\sdk\cpp\V5\V5_20240802_15_00_00/vexv5\libv5rt.a(vex_brain.cpp.obj)
                0x03805f68                vex::brain::lcd::clearScreen()
 .text._ZN3vex5brain3lcd13drawRectangleEiiii
                0x03805f94       0xdc c:\Users\randy\AppData\Roaming\Code\User\globalStorage\vexrobotics.vexcode\sdk\cpp\V5\V5_20240802_15_00_00/vexv5\libv5rt.a(vex_brain.cpp.obj)
                0x03805f94                vex::brain::lcd::drawRectangle(int, int, int, int)
 .text._ZN3vex5brain3lcd14_drawRectangleEiiiim
                0x03806070       0x74 c:\Users\randy\AppData\Roaming\Code\User\globalStorage\vexrobotics.vexcode\sdk\cpp\V5\V5_20240802_15_00_00/vexv5\libv5rt.a(vex_brain.cpp.obj)
                0x03806070                vex::brain::lcd::_drawRectangle(int, int, int, int, unsigned long)
 .text._ZN3vex5brain3lcd13drawRectangleEiiiiRKNS_5colorE
                0x038060e4       0x68 c:\Users\randy\AppData\Roaming\Code\User\globalStorage\vexrobotics.vexcode\sdk\cpp\V5\V5_20240802_15_00_00/vexv5\libv5rt.a(vex_brain.cpp.obj)
                0x038060e4                vex::brain::lcd::drawRectangle(int, int, int, int, vex::color const&)
 .text._ZN3vex5brain3lcd6renderEv
                0x0380614c        0xc c:\Users\randy\AppData\Roaming\Code\User\globalStorage\vexrobotics.vexcode\sdk\cpp\V5\V5_20240802_15_00_00/vexv5\libv5rt.a(vex_brain.cpp.obj)
                0x0380614c                vex::brain::lcd::render()
 .text._ZN3vex5brain3lcd13setClipRegionEiiii
                0x03806158       0x34 c:\Users\randy\AppData\Roaming\Code\User\globalStorage\vexrobotics.vexcode\sdk\cpp\V5\V5_20240802_15_00_00/vexv5\libv5rt.a(vex_brain.cpp.obj)
                0x03806158                vex::brain::lcd::setClipRegion(int, int, int, int)
 .text._ZN3vex5brain3lcd10rowToPixelEl
                0x0380618c       0x34 c:\Users\randy\AppData\Roaming\Code\User\globalStorage\vexrobotics.vexcode\sdk\cpp\V5\V5_20240802_15_00_00/vexv5\libv5rt.a(vex_brain.cpp.obj)
                0x0380618c                vex::brain::lcd::rowToPixel(long)
 .text._ZN3vex5brain3lcd5printEPKcz
                0x038061c0       0xb8 c:\Users\randy\AppData\Roaming\Code\User\globalStorage\vexrobotics.vexcode\sdk\cpp\V5\V5_20240802_15_00_00/vexv5\libv5rt.a(vex_brain.cpp.obj)
                0x038061c0                vex::brain::lcd::print(char const*, ...)
 .text._ZN3vex5brain7battery8capacityENS_12percentUnitsE
                0x03806278       0x18 c:\Users\randy\AppData\Roaming\Code\User\globalStorage\vexrobotics.vexcode\sdk\cpp\V5\V5_20240802_15_00_00/vexv5\libv5rt.a(vex_brain.cpp.obj)
                0x03806278                vex::brain::battery::capacity(vex::percentUnits)
 .text._ZN3vex5brainD2Ev
                0x03806290       0x20 c:\Users\randy\AppData\Roaming\Code\User\globalStorage\vexrobotics.vexcode\sdk\cpp\V5\V5_20240802_15_00_00/vexv5\libv5rt.a(vex_brain.cpp.obj)
                0x03806290                vex::brain::~brain()
                0x03806290                vex::brain::~brain()
 .text._ZN3vex11competition8_disableEPv
                0x038062b0       0xa4 c:\Users\randy\AppData\Roaming\Code\User\globalStorage\vexrobotics.vexcode\sdk\cpp\V5\V5_20240802_15_00_00/vexv5\libv5rt.a(vex_competition.cpp.obj)
                0x038062b0                vex::competition::_disable(void*)
 .text._ZN3vex11competition11_autonomousEv
                0x03806354       0x80 c:\Users\randy\AppData\Roaming\Code\User\globalStorage\vexrobotics.vexcode\sdk\cpp\V5\V5_20240802_15_00_00/vexv5\libv5rt.a(vex_competition.cpp.obj)
                0x03806354                vex::competition::_autonomous()
 .text._ZN3vex11competition14_drivercontrolEv
                0x038063d4       0x80 c:\Users\randy\AppData\Roaming\Code\User\globalStorage\vexrobotics.vexcode\sdk\cpp\V5\V5_20240802_15_00_00/vexv5\libv5rt.a(vex_competition.cpp.obj)
                0x038063d4                vex::competition::_drivercontrol()
 .text._ZN3vex11competitionC2Ev
                0x03806454      0x13c c:\Users\randy\AppData\Roaming\Code\User\globalStorage\vexrobotics.vexcode\sdk\cpp\V5\V5_20240802_15_00_00/vexv5\libv5rt.a(vex_competition.cpp.obj)
                0x03806454                vex::competition::competition()
                0x03806454                vex::competition::competition()
 .text._ZN3vex11competitionD2Ev
                0x03806590        0x4 c:\Users\randy\AppData\Roaming\Code\User\globalStorage\vexrobotics.vexcode\sdk\cpp\V5\V5_20240802_15_00_00/vexv5\libv5rt.a(vex_competition.cpp.obj)
                0x03806590                vex::competition::~competition()
                0x03806590                vex::competition::~competition()
 .text._ZN3vex11competition10autonomousEPFvvE
                0x03806594       0x44 c:\Users\randy\AppData\Roaming\Code\User\globalStorage\vexrobotics.vexcode\sdk\cpp\V5\V5_20240802_15_00_00/vexv5\libv5rt.a(vex_competition.cpp.obj)
                0x03806594                vex::competition::autonomous(void (*)())
 .text._ZN3vex11competition13drivercontrolEPFvvE
                0x038065d8       0x44 c:\Users\randy\AppData\Roaming\Code\User\globalStorage\vexrobotics.vexcode\sdk\cpp\V5\V5_20240802_15_00_00/vexv5\libv5rt.a(vex_competition.cpp.obj)
                0x038065d8                vex::competition::drivercontrol(void (*)())
 .text._ZN3vex7triportD2Ev
                0x0380661c       0x38 c:\Users\randy\AppData\Roaming\Code\User\globalStorage\vexrobotics.vexcode\sdk\cpp\V5\V5_20240802_15_00_00/vexv5\libv5rt.a(vex_triport.cpp.obj)
                0x0380661c                vex::triport::~triport()
                0x0380661c                vex::triport::~triport()
 .text._ZN3vex7triportD0Ev
                0x03806654       0x1c c:\Users\randy\AppData\Roaming\Code\User\globalStorage\vexrobotics.vexcode\sdk\cpp\V5\V5_20240802_15_00_00/vexv5\libv5rt.a(vex_triport.cpp.obj)
                0x03806654                vex::triport::~triport()
 .text._ZN3vex7triport9installedEv
                0x03806670       0x18 c:\Users\randy\AppData\Roaming\Code\User\globalStorage\vexrobotics.vexcode\sdk\cpp\V5\V5_20240802_15_00_00/vexv5\libv5rt.a(vex_triport.cpp.obj)
                0x03806670                vex::triport::installed()
 .text._ZN3vex7triport4portC2ElPS0_
                0x03806688       0x74 c:\Users\randy\AppData\Roaming\Code\User\globalStorage\vexrobotics.vexcode\sdk\cpp\V5\V5_20240802_15_00_00/vexv5\libv5rt.a(vex_triport.cpp.obj)
                0x03806688                vex::triport::port::port(long, vex::triport*)
                0x03806688                vex::triport::port::port(long, vex::triport*)
 .text._ZN3vex7triportC2El
                0x038066fc       0xf0 c:\Users\randy\AppData\Roaming\Code\User\globalStorage\vexrobotics.vexcode\sdk\cpp\V5\V5_20240802_15_00_00/vexv5\libv5rt.a(vex_triport.cpp.obj)
                0x038066fc                vex::triport::triport(long)
                0x038066fc                vex::triport::triport(long)
 .text._ZN3vex5colorD2Ev
                0x038067ec        0x4 c:\Users\randy\AppData\Roaming\Code\User\globalStorage\vexrobotics.vexcode\sdk\cpp\V5\V5_20240802_15_00_00/vexv5\libv5rt.a(vex_color.cpp.obj)
                0x038067ec                vex::color::~color()
                0x038067ec                vex::color::~color()
 .text._ZN3vex5colorC2Ei
                0x038067f0       0x10 c:\Users\randy\AppData\Roaming\Code\User\globalStorage\vexrobotics.vexcode\sdk\cpp\V5\V5_20240802_15_00_00/vexv5\libv5rt.a(vex_color.cpp.obj)
                0x038067f0                vex::color::color(int)
                0x038067f0                vex::color::color(int)
 .text._ZNK3vex5colorcvmEv
                0x03806800        0x8 c:\Users\randy\AppData\Roaming\Code\User\globalStorage\vexrobotics.vexcode\sdk\cpp\V5\V5_20240802_15_00_00/vexv5\libv5rt.a(vex_color.cpp.obj)
                0x03806800                vex::color::operator unsigned long() const
 .text._ZNK3vex5color13isTransparentEv
                0x03806808        0x8 c:\Users\randy\AppData\Roaming\Code\User\globalStorage\vexrobotics.vexcode\sdk\cpp\V5\V5_20240802_15_00_00/vexv5\libv5rt.a(vex_color.cpp.obj)
                0x03806808                vex::color::isTransparent() const
 .text.startup._GLOBAL__sub_I__ZN3vex5color5blackE
                0x03806810      0x164 c:\Users\randy\AppData\Roaming\Code\User\globalStorage\vexrobotics.vexcode\sdk\cpp\V5\V5_20240802_15_00_00/vexv5\libv5rt.a(vex_color.cpp.obj)
 .text._ZN3vex5timerD2Ev
                0x03806974        0x4 c:\Users\randy\AppData\Roaming\Code\User\globalStorage\vexrobotics.vexcode\sdk\cpp\V5\V5_20240802_15_00_00/vexv5\libv5rt.a(vex_timer.cpp.obj)
                0x03806974                vex::timer::~timer()
                0x03806974                vex::timer::~timer()
 .text._ZN3vex5timer5clearEv
                0x03806978       0x1c c:\Users\randy\AppData\Roaming\Code\User\globalStorage\vexrobotics.vexcode\sdk\cpp\V5\V5_20240802_15_00_00/vexv5\libv5rt.a(vex_timer.cpp.obj)
                0x03806978                vex::timer::clear()
 .text._ZN3vex5timerC2Ev
                0x03806994       0x14 c:\Users\randy\AppData\Roaming\Code\User\globalStorage\vexrobotics.vexcode\sdk\cpp\V5\V5_20240802_15_00_00/vexv5\libv5rt.a(vex_timer.cpp.obj)
                0x03806994                vex::timer::timer()
                0x03806994                vex::timer::timer()
 .text._ZNK3vex5timer4timeEv
                0x038069a8       0x1c c:\Users\randy\AppData\Roaming\Code\User\globalStorage\vexrobotics.vexcode\sdk\cpp\V5\V5_20240802_15_00_00/vexv5\libv5rt.a(vex_timer.cpp.obj)
                0x038069a8                vex::timer::time() const
 .text._ZN3vex5timer6systemEv
                0x038069c4        0x4 c:\Users\randy\AppData\Roaming\Code\User\globalStorage\vexrobotics.vexcode\sdk\cpp\V5\V5_20240802_15_00_00/vexv5\libv5rt.a(vex_timer.cpp.obj)
                0x038069c4                vex::timer::system()
 .text._ZN3vex11motor_group18motor_group_motorsC2Ev
                0x038069c8       0x28 c:\Users\randy\AppData\Roaming\Code\User\globalStorage\vexrobotics.vexcode\sdk\cpp\V5\V5_20240802_15_00_00/vexv5\libv5rt.a(vex_motorgroup.cpp.obj)
                0x038069c8                vex::motor_group::motor_group_motors::motor_group_motors()
                0x038069c8                vex::motor_group::motor_group_motors::motor_group_motors()
 .text._ZN3vex11motor_group18motor_group_motorsC2ERKS1_
                0x038069f0       0x20 c:\Users\randy\AppData\Roaming\Code\User\globalStorage\vexrobotics.vexcode\sdk\cpp\V5\V5_20240802_15_00_00/vexv5\libv5rt.a(vex_motorgroup.cpp.obj)
                0x038069f0                vex::motor_group::motor_group_motors::motor_group_motors(vex::motor_group::motor_group_motors const&)
                0x038069f0                vex::motor_group::motor_group_motors::motor_group_motors(vex::motor_group::motor_group_motors const&)
 .text._ZN3vex11motor_groupC2Ev
                0x03806a10       0x1c c:\Users\randy\AppData\Roaming\Code\User\globalStorage\vexrobotics.vexcode\sdk\cpp\V5\V5_20240802_15_00_00/vexv5\libv5rt.a(vex_motorgroup.cpp.obj)
                0x03806a10                vex::motor_group::motor_group()
                0x03806a10                vex::motor_group::motor_group()
 .text._ZN3vex11motor_groupD2Ev
                0x03806a2c        0x4 c:\Users\randy\AppData\Roaming\Code\User\globalStorage\vexrobotics.vexcode\sdk\cpp\V5\V5_20240802_15_00_00/vexv5\libv5rt.a(vex_motorgroup.cpp.obj)
                0x03806a2c                vex::motor_group::~motor_group()
                0x03806a2c                vex::motor_group::~motor_group()
 .text._ZN3vex11motor_group9_addMotorERNS_5motorE
                0x03806a30       0x20 c:\Users\randy\AppData\Roaming\Code\User\globalStorage\vexrobotics.vexcode\sdk\cpp\V5\V5_20240802_15_00_00/vexv5\libv5rt.a(vex_motorgroup.cpp.obj)